Archive member included to satisfy reference by file (symbol)

c:/program files (x86)/atmel/studio/7.0/toolchain/arm/arm-gnu-toolchain/bin/../lib/gcc/arm-none-eabi/6.3.1/thumb/v6-m\libgcc.a(_aeabi_uldivmod.o)
                              hpl/sercom/hpl_sercom.o (__aeabi_uldivmod)
c:/program files (x86)/atmel/studio/7.0/toolchain/arm/arm-gnu-toolchain/bin/../lib/gcc/arm-none-eabi/6.3.1/thumb/v6-m\libgcc.a(_muldi3.o)
                              hpl/sercom/hpl_sercom.o (__aeabi_lmul)
c:/program files (x86)/atmel/studio/7.0/toolchain/arm/arm-gnu-toolchain/bin/../lib/gcc/arm-none-eabi/6.3.1/thumb/v6-m\libgcc.a(_fixunsdfsi.o)
                              hpl/sercom/hpl_sercom.o (__aeabi_d2uiz)
c:/program files (x86)/atmel/studio/7.0/toolchain/arm/arm-gnu-toolchain/bin/../lib/gcc/arm-none-eabi/6.3.1/thumb/v6-m\libgcc.a(_udivmoddi4.o)
                              c:/program files (x86)/atmel/studio/7.0/toolchain/arm/arm-gnu-toolchain/bin/../lib/gcc/arm-none-eabi/6.3.1/thumb/v6-m\libgcc.a(_aeabi_uldivmod.o) (__udivmoddi4)
c:/program files (x86)/atmel/studio/7.0/toolchain/arm/arm-gnu-toolchain/bin/../lib/gcc/arm-none-eabi/6.3.1/thumb/v6-m\libgcc.a(divdf3.o)
                              hpl/sercom/hpl_sercom.o (__aeabi_ddiv)
c:/program files (x86)/atmel/studio/7.0/toolchain/arm/arm-gnu-toolchain/bin/../lib/gcc/arm-none-eabi/6.3.1/thumb/v6-m\libgcc.a(muldf3.o)
                              hpl/sercom/hpl_sercom.o (__aeabi_dmul)
c:/program files (x86)/atmel/studio/7.0/toolchain/arm/arm-gnu-toolchain/bin/../lib/gcc/arm-none-eabi/6.3.1/thumb/v6-m\libgcc.a(subdf3.o)
                              hpl/sercom/hpl_sercom.o (__aeabi_dsub)
c:/program files (x86)/atmel/studio/7.0/toolchain/arm/arm-gnu-toolchain/bin/../lib/gcc/arm-none-eabi/6.3.1/thumb/v6-m\libgcc.a(fixdfsi.o)
                              c:/program files (x86)/atmel/studio/7.0/toolchain/arm/arm-gnu-toolchain/bin/../lib/gcc/arm-none-eabi/6.3.1/thumb/v6-m\libgcc.a(_fixunsdfsi.o) (__aeabi_d2iz)
c:/program files (x86)/atmel/studio/7.0/toolchain/arm/arm-gnu-toolchain/bin/../lib/gcc/arm-none-eabi/6.3.1/thumb/v6-m\libgcc.a(floatsidf.o)
                              hpl/sercom/hpl_sercom.o (__aeabi_i2d)
c:/program files (x86)/atmel/studio/7.0/toolchain/arm/arm-gnu-toolchain/bin/../lib/gcc/arm-none-eabi/6.3.1/thumb/v6-m\libgcc.a(floatunsidf.o)
                              hpl/sercom/hpl_sercom.o (__aeabi_ui2d)
c:/program files (x86)/atmel/studio/7.0/toolchain/arm/arm-gnu-toolchain/bin/../lib/gcc/arm-none-eabi/6.3.1/thumb/v6-m\libgcc.a(_dvmd_tls.o)
                              c:/program files (x86)/atmel/studio/7.0/toolchain/arm/arm-gnu-toolchain/bin/../lib/gcc/arm-none-eabi/6.3.1/thumb/v6-m\libgcc.a(_aeabi_uldivmod.o) (__aeabi_ldiv0)
c:/program files (x86)/atmel/studio/7.0/toolchain/arm/arm-gnu-toolchain/bin/../lib/gcc/arm-none-eabi/6.3.1/thumb/v6-m\libgcc.a(_arm_cmpdf2.o)
                              c:/program files (x86)/atmel/studio/7.0/toolchain/arm/arm-gnu-toolchain/bin/../lib/gcc/arm-none-eabi/6.3.1/thumb/v6-m\libgcc.a(_fixunsdfsi.o) (__aeabi_dcmpge)
c:/program files (x86)/atmel/studio/7.0/toolchain/arm/arm-gnu-toolchain/bin/../lib/gcc/arm-none-eabi/6.3.1/thumb/v6-m\libgcc.a(_clzsi2.o)
                              c:/program files (x86)/atmel/studio/7.0/toolchain/arm/arm-gnu-toolchain/bin/../lib/gcc/arm-none-eabi/6.3.1/thumb/v6-m\libgcc.a(divdf3.o) (__clzsi2)
c:/program files (x86)/atmel/studio/7.0/toolchain/arm/arm-gnu-toolchain/bin/../lib/gcc/arm-none-eabi/6.3.1/thumb/v6-m\libgcc.a(_clzdi2.o)
                              c:/program files (x86)/atmel/studio/7.0/toolchain/arm/arm-gnu-toolchain/bin/../lib/gcc/arm-none-eabi/6.3.1/thumb/v6-m\libgcc.a(_udivmoddi4.o) (__clzdi2)
c:/program files (x86)/atmel/studio/7.0/toolchain/arm/arm-gnu-toolchain/bin/../lib/gcc/arm-none-eabi/6.3.1/thumb/v6-m\libgcc.a(eqdf2.o)
                              c:/program files (x86)/atmel/studio/7.0/toolchain/arm/arm-gnu-toolchain/bin/../lib/gcc/arm-none-eabi/6.3.1/thumb/v6-m\libgcc.a(_arm_cmpdf2.o) (__eqdf2)
c:/program files (x86)/atmel/studio/7.0/toolchain/arm/arm-gnu-toolchain/bin/../lib/gcc/arm-none-eabi/6.3.1/thumb/v6-m\libgcc.a(gedf2.o)
                              c:/program files (x86)/atmel/studio/7.0/toolchain/arm/arm-gnu-toolchain/bin/../lib/gcc/arm-none-eabi/6.3.1/thumb/v6-m\libgcc.a(_arm_cmpdf2.o) (__gedf2)
c:/program files (x86)/atmel/studio/7.0/toolchain/arm/arm-gnu-toolchain/bin/../lib/gcc/arm-none-eabi/6.3.1/thumb/v6-m\libgcc.a(ledf2.o)
                              c:/program files (x86)/atmel/studio/7.0/toolchain/arm/arm-gnu-toolchain/bin/../lib/gcc/arm-none-eabi/6.3.1/thumb/v6-m\libgcc.a(_arm_cmpdf2.o) (__ledf2)
c:/program files (x86)/atmel/studio/7.0/toolchain/arm/arm-gnu-toolchain/bin/../lib/gcc/arm-none-eabi/6.3.1/../../../../arm-none-eabi/lib/thumb/v6-m\libc.a(lib_a-exit.o)
[...]
Memory Configuration

Name             Origin             Length             Attributes
rom              0x00000000         0x00040000         xr
ram              0x20000000         0x00008000         xrw
*default*        0x00000000         0xffffffff

Linker script and memory map

LOAD c:/program files (x86)/atmel/studio/7.0/toolchain/arm/arm-gnu-toolchain/bin/../lib/gcc/arm-none-eabi/6.3.1/thumb/v6-m/crti.o
LOAD c:/program files (x86)/atmel/studio/7.0/toolchain/arm/arm-gnu-toolchain/bin/../lib/gcc/arm-none-eabi/6.3.1/thumb/v6-m/crtbegin.o
LOAD c:/program files (x86)/atmel/studio/7.0/toolchain/arm/arm-gnu-toolchain/bin/../lib/gcc/arm-none-eabi/6.3.1/../../../../arm-none-eabi/lib/thumb/v6-m/crt0.o
LOAD atmel_start.o
LOAD Device_Startup/startup_samc21.o
LOAD Device_Startup/system_samc21.o
LOAD driver_init.o
LOAD examples/driver_examples.o
LOAD hal/src/hal_atomic.o
LOAD hal/src/hal_delay.o
LOAD hal/src/hal_gpio.o
LOAD hal/src/hal_init.o
LOAD hal/src/hal_io.o
LOAD hal/src/hal_sleep.o
LOAD hal/src/hal_usart_async.o
LOAD hal/utils/src/utils_assert.o
LOAD hal/utils/src/utils_event.o
LOAD hal/utils/src/utils_list.o
LOAD hal/utils/src/utils_ringbuffer.o
LOAD hal/utils/src/utils_syscalls.o
LOAD hpl/core/hpl_core_m0plus_base.o
LOAD hpl/core/hpl_init.o
LOAD hpl/divas/hpl_divas.o
LOAD hpl/dmac/hpl_dmac.o
LOAD hpl/gclk/hpl_gclk.o
LOAD hpl/mclk/hpl_mclk.o
LOAD hpl/osc32kctrl/hpl_osc32kctrl.o
LOAD hpl/oscctrl/hpl_oscctrl.o
LOAD hpl/pm/hpl_pm.o
LOAD hpl/sercom/hpl_sercom.o
LOAD hpl/systick/hpl_systick.o
LOAD main.o
LOAD uart.o
START GROUP
LOAD c:/program files (x86)/atmel/studio/7.0/toolchain/arm/arm-gnu-toolchain/bin/../lib/gcc/arm-none-eabi/6.3.1/../../../../arm-none-eabi/lib/thumb/v6-m\libm.a
END GROUP
START GROUP
LOAD c:/program files (x86)/atmel/studio/7.0/toolchain/arm/arm-gnu-toolchain/bin/../lib/gcc/arm-none-eabi/6.3.1/thumb/v6-m\libgcc.a
LOAD c:/program files (x86)/atmel/studio/7.0/toolchain/arm/arm-gnu-toolchain/bin/../lib/gcc/arm-none-eabi/6.3.1/../../../../arm-none-eabi/lib/thumb/v6-m\libc.a
END GROUP
LOAD c:/program files (x86)/atmel/studio/7.0/toolchain/arm/arm-gnu-toolchain/bin/../lib/gcc/arm-none-eabi/6.3.1/thumb/v6-m/crtend.o
LOAD c:/program files (x86)/atmel/studio/7.0/toolchain/arm/arm-gnu-toolchain/bin/../lib/gcc/arm-none-eabi/6.3.1/thumb/v6-m/crtn.o
                0x00002000                STACK_SIZE = DEFINED (STACK_SIZE)?STACK_SIZE:DEFINED (__stack_size__)?__stack_size__:0x2000

.text           0x00000000      0xff4
                0x00000000                . = ALIGN (0x4)
                0x00000000                _sfixed = .
 *(.vectors .vectors.*)
 .vectors       0x00000000       0xbc Device_Startup/startup_samc21.o
                0x00000000                exception_table
 *(.text .text.* .gnu.linkonce.t.*)
 .text          0x000000bc       0x60 c:/program files (x86)/atmel/studio/7.0/toolchain/arm/arm-gnu-toolchain/bin/../lib/gcc/arm-none-eabi/6.3.1/thumb/v6-m/crtbegin.o
 .text.atmel_start_init
                0x0000011c        0xc atmel_start.o
                0x0000011c                atmel_start_init
 .text.Dummy_Handler
                0x00000128        0x2 Device_Startup/startup_samc21.o
                0x00000128                SVCall_Handler
                0x00000128                DMAC_Handler
                0x00000128                HardFault_Handler
                0x00000128                TC2_Handler
                0x00000128                AC_Handler
                0x00000128                SysTick_Handler
                0x00000128                PendSV_Handler
                0x00000128                SERCOM1_Handler
                0x00000128                NonMaskableInt_Handler
                0x00000128                TCC1_Handler
                0x00000128                SERCOM2_Handler
                0x00000128                TCC0_Handler
                0x00000128                RTC_Handler
                0x00000128                ADC1_Handler
                0x00000128                EIC_Handler
                0x00000128                WDT_Handler
                0x00000128                CAN0_Handler
                0x00000128                TC4_Handler
                0x00000128                TC1_Handler
                0x00000128                TC3_Handler
                0x00000128                SDADC_Handler
                0x00000128                Dummy_Handler
                0x00000128                SERCOM5_Handler
                0x00000128                CAN1_Handler
                0x00000128                ADC0_Handler
                0x00000128                TSENS_Handler
                0x00000128                TCC2_Handler
                0x00000128                EVSYS_Handler
                0x00000128                SERCOM3_Handler
                0x00000128                NVMCTRL_Handler
                0x00000128                SYSTEM_Handler
                0x00000128                SERCOM0_Handler
                0x00000128                DAC_Handler
                0x00000128                PTC_Handler
                0x00000128                FREQM_Handler
                0x00000128                TC0_Handler
 *fill*         0x0000012a        0x2 
 .text.Reset_Handler
                0x0000012c       0x88 Device_Startup/startup_samc21.o
                0x0000012c                Reset_Handler
 .text.USART_0_CLOCK_init
                0x000001b4       0x24 driver_init.o
                0x000001b4                USART_0_CLOCK_init
 .text.USART_0_PORT_init
                0x000001d8       0x3e driver_init.o
                0x000001d8                USART_0_PORT_init
 *fill*         0x00000216        0x2 
 .text.USART_0_init
                0x00000218       0x38 driver_init.o
                0x00000218                USART_0_init
 .text.delay_driver_init
                0x00000250       0x14 driver_init.o
                0x00000250                delay_driver_init
 .text.system_init
                0x00000264       0xf0 driver_init.o
                0x00000264                system_init
 .text.atomic_enter_critical
                0x00000354        0xe hal/src/hal_atomic.o
                0x00000354                atomic_enter_critical
 .text.atomic_leave_critical
                0x00000362        0xc hal/src/hal_atomic.o
                0x00000362                atomic_leave_critical
 *fill*         0x0000036e        0x2 
 .text.delay_init
                0x00000370       0x14 hal/src/hal_delay.o
                0x00000370                delay_init
 .text.io_write
                0x00000384       0x34 hal/src/hal_io.o
                0x00000384                io_write
 .text.io_read  0x000003b8       0x34 hal/src/hal_io.o
                0x000003b8                io_read
 .text.usart_transmission_complete
                0x000003ec       0x12 hal/src/hal_usart_async.o
 .text.usart_error
                0x000003fe       0x12 hal/src/hal_usart_async.o
 .text.usart_fill_rx_buffer
                0x00000410       0x1c hal/src/hal_usart_async.o
 .text.usart_async_write
                0x0000042c       0x64 hal/src/hal_usart_async.o
 .text.usart_process_byte_sent
                0x00000490       0x40 hal/src/hal_usart_async.o
 .text.usart_async_read
                0x000004d0       0xe0 hal/src/hal_usart_async.o
 .text.usart_async_init
                0x000005b0       0x98 hal/src/hal_usart_async.o
                0x000005b0                usart_async_init
 .text.usart_async_enable
                0x00000648       0x2c hal/src/hal_usart_async.o
                0x00000648                usart_async_enable
 .text.usart_async_register_callback
                0x00000674       0x78 hal/src/hal_usart_async.o
                0x00000674                usart_async_register_callback
 .text.assert   0x000006ec        0x8 hal/utils/src/utils_assert.o
                0x000006ec                assert
 .text.ringbuffer_init
                0x000006f4       0x54 hal/utils/src/utils_ringbuffer.o
                0x000006f4                ringbuffer_init
 .text.ringbuffer_get
                0x00000748       0x48 hal/utils/src/utils_ringbuffer.o
                0x00000748                ringbuffer_get
 .text.ringbuffer_put
                0x00000790       0x40 hal/utils/src/utils_ringbuffer.o
                0x00000790                ringbuffer_put
 .text.ringbuffer_num
                0x000007d0       0x24 hal/utils/src/utils_ringbuffer.o
                0x000007d0                ringbuffer_num
 .text._init_chip
                0x000007f4       0x40 hpl/core/hpl_init.o
                0x000007f4                _init_chip
 .text._div_init
                0x00000834        0xe hpl/divas/hpl_divas.o
                0x00000834                _div_init
 *fill*         0x00000842        0x2 
 .text._gclk_init_generators_by_fref
                0x00000844       0x24 hpl/gclk/hpl_gclk.o
                0x00000844                _gclk_init_generators_by_fref
 .text._mclk_init
                0x00000868        0xc hpl/mclk/hpl_mclk.o
                0x00000868                _mclk_init
 .text._osc32kctrl_init_sources
                0x00000874       0x18 hpl/osc32kctrl/hpl_osc32kctrl.o
                0x00000874                _osc32kctrl_init_sources
 .text._oscctrl_init_sources
                0x0000088c       0x40 hpl/oscctrl/hpl_oscctrl.o
                0x0000088c                _oscctrl_init_sources
 .text._oscctrl_init_referenced_generators
                0x000008cc        0x2 hpl/oscctrl/hpl_oscctrl.o
                0x000008cc                _oscctrl_init_referenced_generators
 *fill*         0x000008ce        0x2 
 .text._usart_init
                0x000008d0       0x9c hpl/sercom/hpl_sercom.o
 .text._usart_async_init
                0x0000096c       0x7c hpl/sercom/hpl_sercom.o
                0x0000096c                _usart_async_init
 .text._usart_async_enable
                0x000009e8       0x14 hpl/sercom/hpl_sercom.o
                0x000009e8                _usart_async_enable
 .text._usart_async_write_byte
                0x000009fc        0x8 hpl/sercom/hpl_sercom.o
                0x000009fc                _usart_async_write_byte
 .text._usart_async_enable_byte_sent_irq
                0x00000a04        0x8 hpl/sercom/hpl_sercom.o
                0x00000a04                _usart_async_enable_byte_sent_irq
 .text._usart_async_enable_tx_done_irq
                0x00000a0c        0x8 hpl/sercom/hpl_sercom.o
                0x00000a0c                _usart_async_enable_tx_done_irq
 .text._usart_async_set_irq_state
                0x00000a14       0x74 hpl/sercom/hpl_sercom.o
                0x00000a14                _usart_async_set_irq_state
 .text.SERCOM4_Handler
                0x00000a88       0x6c hpl/sercom/hpl_sercom.o
                0x00000a88                SERCOM4_Handler
 .text._delay_init
                0x00000af4       0x14 hpl/systick/hpl_systick.o
                0x00000af4                _delay_init
 .text.serial_tx_cb
                0x00000b08        0x2 main.o
 *fill*         0x00000b0a        0x2 
 .text.serial_rx_cb
                0x00000b0c       0x98 main.o
 .text.uart_init
                0x00000ba4       0x34 main.o
                0x00000ba4                uart_init
 .text.main     0x00000bd8       0xc8 main.o
                0x00000bd8                main
 .text.__libc_init_array
                0x00000ca0       0x48 c:/program files (x86)/atmel/studio/7.0/toolchain/arm/arm-gnu-toolchain/bin/../lib/gcc/arm-none-eabi/6.3.1/../../../../arm-none-eabi/lib/thumb/v6-m\libc.a(lib_a-init.o)
                0x00000ca0                __libc_init_array
 .text.memcpy   0x00000ce8       0x84 c:/program files (x86)/atmel/studio/7.0/toolchain/arm/arm-gnu-toolchain/bin/../lib/gcc/arm-none-eabi/6.3.1/../../../../arm-none-eabi/lib/thumb/v6-m\libc.a(lib_a-memcpy-stub.o)
                0x00000ce8                memcpy
 .text.memset   0x00000d6c       0x94 c:/program files (x86)/atmel/studio/7.0/toolchain/arm/arm-gnu-toolchain/bin/../lib/gcc/arm-none-eabi/6.3.1/../../../../arm-none-eabi/lib/thumb/v6-m\libc.a(lib_a-memset.o)
                0x00000d6c                memset
 .text.startup.register_fini
                0x00000e00       0x18 c:/program files (x86)/atmel/studio/7.0/toolchain/arm/arm-gnu-toolchain/bin/../lib/gcc/arm-none-eabi/6.3.1/../../../../arm-none-eabi/lib/thumb/v6-m\libc.a(lib_a-__call_atexit.o)
 .text.atexit   0x00000e18       0x10 c:/program files (x86)/atmel/studio/7.0/toolchain/arm/arm-gnu-toolchain/bin/../lib/gcc/arm-none-eabi/6.3.1/../../../../arm-none-eabi/lib/thumb/v6-m\libc.a(lib_a-atexit.o)
                0x00000e18                atexit
 .text.__libc_fini_array
                0x00000e28       0x34 c:/program files (x86)/atmel/studio/7.0/toolchain/arm/arm-gnu-toolchain/bin/../lib/gcc/arm-none-eabi/6.3.1/../../../../arm-none-eabi/lib/thumb/v6-m\libc.a(lib_a-fini.o)
                0x00000e28                __libc_fini_array
 .text.__retarget_lock_acquire_recursive
                0x00000e5c        0x4 c:/program files (x86)/atmel/studio/7.0/toolchain/arm/arm-gnu-toolchain/bin/../lib/gcc/arm-none-eabi/6.3.1/../../../../arm-none-eabi/lib/thumb/v6-m\libc.a(lib_a-lock.o)
                0x00000e5c                __retarget_lock_acquire_recursive
 .text.__retarget_lock_release_recursive
                0x00000e60        0x4 c:/program files (x86)/atmel/studio/7.0/toolchain/arm/arm-gnu-toolchain/bin/../lib/gcc/arm-none-eabi/6.3.1/../../../../arm-none-eabi/lib/thumb/v6-m\libc.a(lib_a-lock.o)
                0x00000e60                __retarget_lock_release_recursive
 .text.__register_exitproc
                0x00000e64       0xf4 c:/program files (x86)/atmel/studio/7.0/toolchain/arm/arm-gnu-toolchain/bin/../lib/gcc/arm-none-eabi/6.3.1/../../../../arm-none-eabi/lib/thumb/v6-m\libc.a(lib_a-__atexit.o)
                0x00000e64                __register_exitproc
 *(.glue_7t)
 .glue_7t       0x00000f58        0x0 linker stubs
 *(.glue_7)
 .glue_7        0x00000f58        0x0 linker stubs
 *(.rodata .rodata* .gnu.linkonce.r.*)
 .rodata.str1.4
                0x00000f58       0x14 hal/src/hal_io.o
 .rodata.str1.4
                0x00000f6c       0x1d hal/src/hal_usart_async.o
 *fill*         0x00000f89        0x3 
 .rodata.str1.4
                0x00000f8c       0x24 hal/utils/src/utils_ringbuffer.o
 .rodata.str1.4
                0x00000fb0       0x1c hpl/sercom/hpl_sercom.o
                                 0x1b (size before relaxing)
 .rodata._global_impure_ptr
                0x00000fcc        0x4 c:/program files (x86)/atmel/studio/7.0/toolchain/arm/arm-gnu-toolchain/bin/../lib/gcc/arm-none-eabi/6.3.1/../../../../arm-none-eabi/lib/thumb/v6-m\libc.a(lib_a-impure.o)
                0x00000fcc                _global_impure_ptr
 *(.ARM.extab* .gnu.linkonce.armextab.*)
                0x00000fd0                . = ALIGN (0x4)
 *(.init)
 .init          0x00000fd0        0x4 c:/program files (x86)/atmel/studio/7.0/toolchain/arm/arm-gnu-toolchain/bin/../lib/gcc/arm-none-eabi/6.3.1/thumb/v6-m/crti.o
                0x00000fd0                _init
 .init          0x00000fd4        0x8 c:/program files (x86)/atmel/studio/7.0/toolchain/arm/arm-gnu-toolchain/bin/../lib/gcc/arm-none-eabi/6.3.1/thumb/v6-m/crtn.o
                0x00000fdc                . = ALIGN (0x4)
                0x00000fdc                __preinit_array_start = .
 *(.preinit_array)
                0x00000fdc                __preinit_array_end = .
                0x00000fdc                . = ALIGN (0x4)
                0x00000fdc                __init_array_start = .
 *(SORT(.init_array.*))
 .init_array.00000
                0x00000fdc        0x4 c:/program files (x86)/atmel/studio/7.0/toolchain/arm/arm-gnu-toolchain/bin/../lib/gcc/arm-none-eabi/6.3.1/../../../../arm-none-eabi/lib/thumb/v6-m\libc.a(lib_a-__call_atexit.o)
 *(.init_array)
 .init_array    0x00000fe0        0x4 c:/program files (x86)/atmel/studio/7.0/toolchain/arm/arm-gnu-toolchain/bin/../lib/gcc/arm-none-eabi/6.3.1/thumb/v6-m/crtbegin.o
                0x00000fe4                __init_array_end = .
                0x00000fe4                . = ALIGN (0x4)
 *crtbegin.o(.ctors)
 *(EXCLUDE_FILE(*crtend.o) .ctors)
 *(SORT(.ctors.*))
 *crtend.o(.ctors)
                0x00000fe4                . = ALIGN (0x4)
 *(.fini)
 .fini          0x00000fe4        0x4 c:/program files (x86)/atmel/studio/7.0/toolchain/arm/arm-gnu-toolchain/bin/../lib/gcc/arm-none-eabi/6.3.1/thumb/v6-m/crti.o
                0x00000fe4                _fini
 .fini          0x00000fe8        0x8 c:/program files (x86)/atmel/studio/7.0/toolchain/arm/arm-gnu-toolchain/bin/../lib/gcc/arm-none-eabi/6.3.1/thumb/v6-m/crtn.o
                0x00000ff0                . = ALIGN (0x4)
                0x00000ff0                __fini_array_start = .
 *(.fini_array)
 .fini_array    0x00000ff0        0x4 c:/program files (x86)/atmel/studio/7.0/toolchain/arm/arm-gnu-toolchain/bin/../lib/gcc/arm-none-eabi/6.3.1/thumb/v6-m/crtbegin.o
 *(SORT(.fini_array.*))
                0x00000ff4                __fini_array_end = .
 *crtbegin.o(.dtors)
 *(EXCLUDE_FILE(*crtend.o) .dtors)
 *(SORT(.dtors.*))
 *crtend.o(.dtors)
                0x00000ff4                . = ALIGN (0x4)
                0x00000ff4                _efixed = .
                [!provide]                PROVIDE (__exidx_start, .)

.vfp11_veneer   0x00000ff4        0x0
 .vfp11_veneer  0x00000ff4        0x0 linker stubs

.v4_bx          0x00000ff4        0x0
 .v4_bx         0x00000ff4        0x0 linker stubs

.iplt           0x00000ff4        0x0
 .iplt          0x00000ff4        0x0 c:/program files (x86)/atmel/studio/7.0/toolchain/arm/arm-gnu-toolchain/bin/../lib/gcc/arm-none-eabi/6.3.1/thumb/v6-m/crtbegin.o

.eh_frame       0x00000ff4        0x0
 .eh_frame      0x00000ff4        0x0 c:/program files (x86)/atmel/studio/7.0/toolchain/arm/arm-gnu-toolchain/bin/../lib/gcc/arm-none-eabi/6.3.1/thumb/v6-m/crtbegin.o

.rel.dyn        0x00000ff4        0x0
 .rel.iplt      0x00000ff4        0x0 c:/program files (x86)/atmel/studio/7.0/toolchain/arm/arm-gnu-toolchain/bin/../lib/gcc/arm-none-eabi/6.3.1/thumb/v6-m/crtbegin.o

.jcr            0x00000ff4        0x0
 .jcr           0x00000ff4        0x0 c:/program files (x86)/atmel/studio/7.0/toolchain/arm/arm-gnu-toolchain/bin/../lib/gcc/arm-none-eabi/6.3.1/thumb/v6-m/crtbegin.o

.igot.plt       0x00000ff4        0x0
 .igot.plt      0x00000ff4        0x0 c:/program files (x86)/atmel/studio/7.0/toolchain/arm/arm-gnu-toolchain/bin/../lib/gcc/arm-none-eabi/6.3.1/thumb/v6-m/crtbegin.o

.ARM.exidx
 *(.ARM.exidx* .gnu.linkonce.armexidx.*)
                [!provide]                PROVIDE (__exidx_end, .)
                0x00000ff4                . = ALIGN (0x4)
                0x00000ff4                _etext = .

.relocate       0x20000000      0x504 load address 0x00000ff4
                0x20000000                . = ALIGN (0x4)
                0x20000000                _srelocate = .
 *(.ramfunc .ramfunc.*)
 *(.data .data.*)
 .data          0x20000000       0xd6 main.o
                0x20000000                tx_buffer
 *fill*         0x200000d6        0x2 
 .data.impure_data
                0x200000d8      0x428 c:/program files (x86)/atmel/studio/7.0/toolchain/arm/arm-gnu-toolchain/bin/../lib/gcc/arm-none-eabi/6.3.1/../../../../arm-none-eabi/lib/thumb/v6-m\libc.a(lib_a-impure.o)
 .data.__atexit_recursive_mutex
                0x20000500        0x4 c:/program files (x86)/atmel/studio/7.0/toolchain/arm/arm-gnu-toolchain/bin/../lib/gcc/arm-none-eabi/6.3.1/../../../../arm-none-eabi/lib/thumb/v6-m\libc.a(lib_a-__call_atexit.o)
                0x20000500                __atexit_recursive_mutex
                0x20000504                . = ALIGN (0x4)
                0x20000504                _erelocate = .

.bss            0x20000504      0x178 load address 0x000014f8
                0x20000504                . = ALIGN (0x4)
                0x20000504                _sbss = .
                0x20000504                _szero = .
 *(.bss .bss.*)
 .bss           0x20000504       0x1c c:/program files (x86)/atmel/studio/7.0/toolchain/arm/arm-gnu-toolchain/bin/../lib/gcc/arm-none-eabi/6.3.1/thumb/v6-m/crtbegin.o
 .bss           0x20000520       0x10 driver_init.o
 .bss           0x20000530        0x4 hal/src/hal_delay.o
 .bss           0x20000534        0x4 hpl/sercom/hpl_sercom.o
 .bss           0x20000538       0xce main.o
                0x20000538                serial_receiving
                0x20000539                serial_received_bytes_counter
                0x2000053c                rx_buffer
                0x20000604                serial_complete
                0x20000605                total_bytes
 *(COMMON)
 *fill*         0x20000606        0x2 
 COMMON         0x20000608       0x50 driver_init.o
                0x20000608                USART_0
 COMMON         0x20000658       0x21 c:/program files (x86)/atmel/studio/7.0/toolchain/arm/arm-gnu-toolchain/bin/../lib/gcc/arm-none-eabi/6.3.1/../../../../arm-none-eabi/lib/thumb/v6-m\libc.a(lib_a-lock.o)
                0x20000658                __lock___atexit_recursive_mutex
                0x2000065c                __lock___arc4random_mutex
                0x20000660                __lock___env_recursive_mutex
                0x20000664                __lock___sinit_recursive_mutex
                0x20000668                __lock___malloc_recursive_mutex
                0x2000066c                __lock___at_quick_exit_mutex
                0x20000670                __lock___dd_hash_mutex
                0x20000674                __lock___tz_mutex
                0x20000678                __lock___sfp_recursive_mutex
                0x2000067c                . = ALIGN (0x4)
 *fill*         0x20000679        0x3 
                0x2000067c                _ebss = .
                0x2000067c                _ezero = .

.stack          0x2000067c     0x2004 load address 0x00001670
                0x20000680                . = ALIGN (0x8)
 *fill*         0x2000067c        0x4 
                0x20000680                _sstack = .
                0x20002680                . = (. + STACK_SIZE)
 *fill*         0x20000680     0x2000 
                0x20002680                . = ALIGN (0x8)
                0x20002680                _estack = .
                0x20002680                . = ALIGN (0x4)
                0x20002680                _end = .
OUTPUT(uart.elf elf32-littlearm)

.ARM.attributes
                0x00000000       0x28
 .ARM.attributes
                0x00000000       0x1e c:/program files (x86)/atmel/studio/7.0/toolchain/arm/arm-gnu-toolchain/bin/../lib/gcc/arm-none-eabi/6.3.1/thumb/v6-m/crti.o
 .ARM.attributes
                0x0000001e       0x2c c:/program files (x86)/atmel/studio/7.0/toolchain/arm/arm-gnu-toolchain/bin/../lib/gcc/arm-none-eabi/6.3.1/thumb/v6-m/crtbegin.o
 .ARM.attributes
                0x0000004a       0x32 atmel_start.o
 .ARM.attributes
                0x0000007c       0x32 Device_Startup/startup_samc21.o
 .ARM.attributes
                0x000000ae       0x32 driver_init.o
 .ARM.attributes
                0x000000e0       0x32 hal/src/hal_atomic.o
 .ARM.attributes
                0x00000112       0x32 hal/src/hal_delay.o
 .ARM.attributes
                0x00000144       0x32 hal/src/hal_io.o
 .ARM.attributes
                0x00000176       0x32 hal/src/hal_usart_async.o
 .ARM.attributes
                0x000001a8       0x32 hal/utils/src/utils_assert.o
 .ARM.attributes
                0x000001da       0x32 hal/utils/src/utils_ringbuffer.o
 .ARM.attributes
                0x0000020c       0x32 hpl/core/hpl_init.o
 .ARM.attributes
                0x0000023e       0x32 hpl/divas/hpl_divas.o
 .ARM.attributes
                0x00000270       0x32 hpl/gclk/hpl_gclk.o
 .ARM.attributes
                0x000002a2       0x32 hpl/mclk/hpl_mclk.o
 .ARM.attributes
                0x000002d4       0x32 hpl/osc32kctrl/hpl_osc32kctrl.o
 .ARM.attributes
                0x00000306       0x32 hpl/oscctrl/hpl_oscctrl.o
 .ARM.attributes
                0x00000338       0x32 hpl/sercom/hpl_sercom.o
 .ARM.attributes
                0x0000036a       0x32 hpl/systick/hpl_systick.o
 .ARM.attributes
                0x0000039c       0x32 main.o
 .ARM.attributes
                0x000003ce       0x2c c:/program files (x86)/atmel/studio/7.0/toolchain/arm/arm-gnu-toolchain/bin/../lib/gcc/arm-none-eabi/6.3.1/../../../../arm-none-eabi/lib/thumb/v6-m\libc.a(lib_a-impure.o)
 .ARM.attributes
                0x000003fa       0x2c c:/program files (x86)/atmel/studio/7.0/toolchain/arm/arm-gnu-toolchain/bin/../lib/gcc/arm-none-eabi/6.3.1/../../../../arm-none-eabi/lib/thumb/v6-m\libc.a(lib_a-init.o)
 .ARM.attributes
                0x00000426       0x2c c:/program files (x86)/atmel/studio/7.0/toolchain/arm/arm-gnu-toolchain/bin/../lib/gcc/arm-none-eabi/6.3.1/../../../../arm-none-eabi/lib/thumb/v6-m\libc.a(lib_a-memcpy-stub.o)
 .ARM.attributes
                0x00000452       0x2c c:/program files (x86)/atmel/studio/7.0/toolchain/arm/arm-gnu-toolchain/bin/../lib/gcc/arm-none-eabi/6.3.1/../../../../arm-none-eabi/lib/thumb/v6-m\libc.a(lib_a-memset.o)
 .ARM.attributes
                0x0000047e       0x2c c:/program files (x86)/atmel/studio/7.0/toolchain/arm/arm-gnu-toolchain/bin/../lib/gcc/arm-none-eabi/6.3.1/../../../../arm-none-eabi/lib/thumb/v6-m\libc.a(lib_a-__call_atexit.o)
 .ARM.attributes
                0x000004aa       0x2c c:/program files (x86)/atmel/studio/7.0/toolchain/arm/arm-gnu-toolchain/bin/../lib/gcc/arm-none-eabi/6.3.1/../../../../arm-none-eabi/lib/thumb/v6-m\libc.a(lib_a-atexit.o)
 .ARM.attributes
                0x000004d6       0x2c c:/program files (x86)/atmel/studio/7.0/toolchain/arm/arm-gnu-toolchain/bin/../lib/gcc/arm-none-eabi/6.3.1/../../../../arm-none-eabi/lib/thumb/v6-m\libc.a(lib_a-fini.o)
 .ARM.attributes
                0x00000502       0x2c c:/program files (x86)/atmel/studio/7.0/toolchain/arm/arm-gnu-toolchain/bin/../lib/gcc/arm-none-eabi/6.3.1/../../../../arm-none-eabi/lib/thumb/v6-m\libc.a(lib_a-lock.o)
 .ARM.attributes
                0x0000052e       0x2c c:/program files (x86)/atmel/studio/7.0/toolchain/arm/arm-gnu-toolchain/bin/../lib/gcc/arm-none-eabi/6.3.1/../../../../arm-none-eabi/lib/thumb/v6-m\libc.a(lib_a-__atexit.o)
 .ARM.attributes
                0x0000055a       0x1e c:/program files (x86)/atmel/studio/7.0/toolchain/arm/arm-gnu-toolchain/bin/../lib/gcc/arm-none-eabi/6.3.1/thumb/v6-m/crtn.o

.comment        0x00000000       0x59
 .comment       0x00000000       0x59 atmel_start.o
                                 0x5a (size before relaxing)
 .comment       0x00000059       0x5a Device_Startup/startup_samc21.o
 .comment       0x00000059       0x5a driver_init.o
 .comment       0x00000059       0x5a hal/src/hal_atomic.o
 .comment       0x00000059       0x5a hal/src/hal_delay.o
 .comment       0x00000059       0x5a hal/src/hal_io.o
 .comment       0x00000059       0x5a hal/src/hal_usart_async.o
 .comment       0x00000059       0x5a hal/utils/src/utils_assert.o
 .comment       0x00000059       0x5a hal/utils/src/utils_ringbuffer.o
 .comment       0x00000059       0x5a hpl/core/hpl_init.o
 .comment       0x00000059       0x5a hpl/divas/hpl_divas.o
 .comment       0x00000059       0x5a hpl/gclk/hpl_gclk.o
 .comment       0x00000059       0x5a hpl/mclk/hpl_mclk.o
 .comment       0x00000059       0x5a hpl/osc32kctrl/hpl_osc32kctrl.o
 .comment       0x00000059       0x5a hpl/oscctrl/hpl_oscctrl.o
 .comment       0x00000059       0x5a hpl/sercom/hpl_sercom.o
 .comment       0x00000059       0x5a hpl/systick/hpl_systick.o
 .comment       0x00000059       0x5a main.o

.debug_info     0x00000000    0x1673b
 .debug_info    0x00000000      0x3d3 atmel_start.o
 .debug_info    0x000003d3      0x523 Device_Startup/startup_samc21.o
 .debug_info    0x000008f6     0x4587 driver_init.o
 .debug_info    0x00004e7d      0x1d1 hal/src/hal_atomic.o
 .debug_info    0x0000504e      0x1dc hal/src/hal_delay.o
 .debug_info    0x0000522a      0x2b2 hal/src/hal_io.o
 .debug_info    0x000054dc     0x1366 hal/src/hal_usart_async.o
 .debug_info    0x00006842      0x107 hal/utils/src/utils_assert.o
 .debug_info    0x00006949      0x313 hal/utils/src/utils_ringbuffer.o
 .debug_info    0x00006c5c      0x75c hpl/core/hpl_init.o
 .debug_info    0x000073b8      0x854 hpl/divas/hpl_divas.o
 .debug_info    0x00007c0c      0x582 hpl/gclk/hpl_gclk.o
 .debug_info    0x0000818e      0x7c2 hpl/mclk/hpl_mclk.o
 .debug_info    0x00008950      0x770 hpl/osc32kctrl/hpl_osc32kctrl.o
 .debug_info    0x000090c0      0xdd6 hpl/oscctrl/hpl_oscctrl.o
 .debug_info    0x00009e96     0xb774 hpl/sercom/hpl_sercom.o
 .debug_info    0x0001560a      0x276 hpl/systick/hpl_systick.o
 .debug_info    0x00015880      0xebb main.o

.debug_abbrev   0x00000000     0x2285
 .debug_abbrev  0x00000000       0xe3 atmel_start.o
 .debug_abbrev  0x000000e3      0x14f Device_Startup/startup_samc21.o
 .debug_abbrev  0x00000232      0x354 driver_init.o
 .debug_abbrev  0x00000586      0x144 hal/src/hal_atomic.o
 .debug_abbrev  0x000006ca       0xe1 hal/src/hal_delay.o
 .debug_abbrev  0x000007ab      0x115 hal/src/hal_io.o
 .debug_abbrev  0x000008c0      0x29d hal/src/hal_usart_async.o
 .debug_abbrev  0x00000b5d       0x86 hal/utils/src/utils_assert.o
 .debug_abbrev  0x00000be3      0x101 hal/utils/src/utils_ringbuffer.o
 .debug_abbrev  0x00000ce4      0x1ce hpl/core/hpl_init.o
 .debug_abbrev  0x00000eb2      0x232 hpl/divas/hpl_divas.o
 .debug_abbrev  0x000010e4      0x19a hpl/gclk/hpl_gclk.o
 .debug_abbrev  0x0000127e      0x1ac hpl/mclk/hpl_mclk.o
 .debug_abbrev  0x0000142a      0x1d1 hpl/osc32kctrl/hpl_osc32kctrl.o
 .debug_abbrev  0x000015fb      0x209 hpl/oscctrl/hpl_oscctrl.o
 .debug_abbrev  0x00001804      0x5b9 hpl/sercom/hpl_sercom.o
 .debug_abbrev  0x00001dbd      0x185 hpl/systick/hpl_systick.o
 .debug_abbrev  0x00001f42      0x343 main.o

.debug_loc      0x00000000     0xaa2a
 .debug_loc     0x00000000       0x20 atmel_start.o
 .debug_loc     0x00000020       0x40 Device_Startup/startup_samc21.o
 .debug_loc     0x00000060      0xb1e driver_init.o
 .debug_loc     0x00000b7e       0x13 hal/src/hal_atomic.o
 .debug_loc     0x00000b91       0xc3 hal/src/hal_delay.o
 .debug_loc     0x00000c54      0x18a hal/src/hal_io.o
 .debug_loc     0x00000dde      0xf97 hal/src/hal_usart_async.o
 .debug_loc     0x00001d75      0x2d1 hal/utils/src/utils_ringbuffer.o
 .debug_loc     0x00002046       0x4c hpl/core/hpl_init.o
 .debug_loc     0x00002092      0x2a5 hpl/divas/hpl_divas.o
 .debug_loc     0x00002337       0x72 hpl/gclk/hpl_gclk.o
 .debug_loc     0x000023a9       0x2c hpl/mclk/hpl_mclk.o
 .debug_loc     0x000023d5       0x94 hpl/osc32kctrl/hpl_osc32kctrl.o
 .debug_loc     0x00002469       0x74 hpl/oscctrl/hpl_oscctrl.o
 .debug_loc     0x000024dd     0x8298 hpl/sercom/hpl_sercom.o
 .debug_loc     0x0000a775      0x10e hpl/systick/hpl_systick.o
 .debug_loc     0x0000a883      0x1a7 main.o

.debug_aranges  0x00000000      0x8a0
 .debug_aranges
                0x00000000       0x20 atmel_start.o
 .debug_aranges
                0x00000020       0x28 Device_Startup/startup_samc21.o
 .debug_aranges
                0x00000048       0x40 driver_init.o
 .debug_aranges
                0x00000088       0x30 hal/src/hal_atomic.o
 .debug_aranges
                0x000000b8       0x38 hal/src/hal_delay.o
 .debug_aranges
                0x000000f0       0x30 hal/src/hal_io.o
 .debug_aranges
                0x00000120       0xe0 hal/src/hal_usart_async.o
 .debug_aranges
                0x00000200       0x20 hal/utils/src/utils_assert.o
 .debug_aranges
                0x00000220       0x40 hal/utils/src/utils_ringbuffer.o
 .debug_aranges
                0x00000260       0x20 hpl/core/hpl_init.o
 .debug_aranges
                0x00000280       0x40 hpl/divas/hpl_divas.o
 .debug_aranges
                0x000002c0       0x28 hpl/gclk/hpl_gclk.o
 .debug_aranges
                0x000002e8       0x20 hpl/mclk/hpl_mclk.o
 .debug_aranges
                0x00000308       0x20 hpl/osc32kctrl/hpl_osc32kctrl.o
 .debug_aranges
                0x00000328       0x28 hpl/oscctrl/hpl_oscctrl.o
 .debug_aranges
                0x00000350      0x4d0 hpl/sercom/hpl_sercom.o
 .debug_aranges
                0x00000820       0x48 hpl/systick/hpl_systick.o
 .debug_aranges
                0x00000868       0x38 main.o

.debug_ranges   0x00000000      0xe00
 .debug_ranges  0x00000000       0x10 atmel_start.o
 .debug_ranges  0x00000010       0x18 Device_Startup/startup_samc21.o
 .debug_ranges  0x00000028       0x30 driver_init.o
 .debug_ranges  0x00000058       0x20 hal/src/hal_atomic.o
 .debug_ranges  0x00000078       0x28 hal/src/hal_delay.o
 .debug_ranges  0x000000a0       0x20 hal/src/hal_io.o
 .debug_ranges  0x000000c0       0xf0 hal/src/hal_usart_async.o
 .debug_ranges  0x000001b0       0x10 hal/utils/src/utils_assert.o
 .debug_ranges  0x000001c0       0x30 hal/utils/src/utils_ringbuffer.o
 .debug_ranges  0x000001f0       0x10 hpl/core/hpl_init.o
 .debug_ranges  0x00000200       0x30 hpl/divas/hpl_divas.o
 .debug_ranges  0x00000230       0x18 hpl/gclk/hpl_gclk.o
 .debug_ranges  0x00000248       0x10 hpl/mclk/hpl_mclk.o
 .debug_ranges  0x00000258       0x10 hpl/osc32kctrl/hpl_osc32kctrl.o
 .debug_ranges  0x00000268       0x48 hpl/oscctrl/hpl_oscctrl.o
 .debug_ranges  0x000002b0      0xad8 hpl/sercom/hpl_sercom.o
 .debug_ranges  0x00000d88       0x38 hpl/systick/hpl_systick.o
 .debug_ranges  0x00000dc0       0x40 main.o

.debug_macro    0x00000000    0x1c3cc
 .debug_macro   0x00000000      0x633 atmel_start.o
 .debug_macro   0x00000633      0x89e atmel_start.o
 .debug_macro   0x00000ed1      0x16d atmel_start.o
 .debug_macro   0x0000103e       0x22 atmel_start.o
 .debug_macro   0x00001060       0x87 atmel_start.o
 .debug_macro   0x000010e7       0x51 atmel_start.o
 .debug_macro   0x00001138       0xef atmel_start.o
 .debug_macro   0x00001227       0x6a atmel_start.o
 .debug_macro   0x00001291      0x1df atmel_start.o
 .debug_macro   0x00001470       0x22 atmel_start.o
 .debug_macro   0x00001492       0x3f atmel_start.o
 .debug_macro   0x000014d1       0x1c atmel_start.o
 .debug_macro   0x000014ed       0x22 atmel_start.o
 .debug_macro   0x0000150f       0xb5 atmel_start.o
 .debug_macro   0x000015c4      0x4da atmel_start.o
 .debug_macro   0x00001a9e      0x11f atmel_start.o
 .debug_macro   0x00001bbd      0x897 atmel_start.o
 .debug_macro   0x00002454      0x8c0 atmel_start.o
 .debug_macro   0x00002d14     0x2d61 atmel_start.o
 .debug_macro   0x00005a75      0x21e atmel_start.o
 .debug_macro   0x00005c93      0x282 atmel_start.o
 .debug_macro   0x00005f15      0x130 atmel_start.o
 .debug_macro   0x00006045      0xd32 atmel_start.o
 .debug_macro   0x00006d77      0x61f atmel_start.o
 .debug_macro   0x00007396      0x5be atmel_start.o
 .debug_macro   0x00007954      0x824 atmel_start.o
 .debug_macro   0x00008178      0x172 atmel_start.o
 .debug_macro   0x000082ea      0x306 atmel_start.o
 .debug_macro   0x000085f0      0x55f atmel_start.o
 .debug_macro   0x00008b4f      0x421 atmel_start.o
 .debug_macro   0x00008f70      0x21c atmel_start.o
 .debug_macro   0x0000918c      0x719 atmel_start.o
 .debug_macro   0x000098a5      0x5ab atmel_start.o
 .debug_macro   0x00009e50      0x335 atmel_start.o
 .debug_macro   0x0000a185      0x68d atmel_start.o
 .debug_macro   0x0000a812       0xc4 atmel_start.o
 .debug_macro   0x0000a8d6      0x340 atmel_start.o
 .debug_macro   0x0000ac16       0x6a atmel_start.o
 .debug_macro   0x0000ac80     0x124b atmel_start.o
 .debug_macro   0x0000becb      0x5a5 atmel_start.o
 .debug_macro   0x0000c470      0xfc4 atmel_start.o
 .debug_macro   0x0000d434      0x59e atmel_start.o
 .debug_macro   0x0000d9d2      0x8ae atmel_start.o
 .debug_macro   0x0000e280     0x19be atmel_start.o
 .debug_macro   0x0000fc3e      0x39c atmel_start.o
 .debug_macro   0x0000ffda      0x36a atmel_start.o
 .debug_macro   0x00010344       0x94 atmel_start.o
 .debug_macro   0x000103d8       0xac atmel_start.o
 .debug_macro   0x00010484       0xac atmel_start.o
 .debug_macro   0x00010530      0x149 atmel_start.o
 .debug_macro   0x00010679      0x149 atmel_start.o
 .debug_macro   0x000107c2       0x4c atmel_start.o
 .debug_macro   0x0001080e       0x58 atmel_start.o
 .debug_macro   0x00010866       0x3a atmel_start.o
 .debug_macro   0x000108a0       0xd6 atmel_start.o
 .debug_macro   0x00010976       0xb8 atmel_start.o
 .debug_macro   0x00010a2e       0x64 atmel_start.o
 .debug_macro   0x00010a92      0x5d7 atmel_start.o
 .debug_macro   0x00011069       0x4c atmel_start.o
 .debug_macro   0x000110b5      0x1be atmel_start.o
 .debug_macro   0x00011273      0x184 atmel_start.o
 .debug_macro   0x000113f7       0x52 atmel_start.o
 .debug_macro   0x00011449       0xa0 atmel_start.o
 .debug_macro   0x000114e9       0xd6 atmel_start.o
 .debug_macro   0x000115bf       0x94 atmel_start.o
 .debug_macro   0x00011653       0x4c atmel_start.o
 .debug_macro   0x0001169f       0x64 atmel_start.o
 .debug_macro   0x00011703       0x22 atmel_start.o
 .debug_macro   0x00011725      0x16c atmel_start.o
 .debug_macro   0x00011891       0x2e atmel_start.o
 .debug_macro   0x000118bf       0x16 atmel_start.o
 .debug_macro   0x000118d5       0xd6 atmel_start.o
 .debug_macro   0x000119ab       0xa0 atmel_start.o
 .debug_macro   0x00011a4b      0x133 atmel_start.o
 .debug_macro   0x00011b7e      0x133 atmel_start.o
 .debug_macro   0x00011cb1      0x133 atmel_start.o
 .debug_macro   0x00011de4      0x133 atmel_start.o
 .debug_macro   0x00011f17      0x133 atmel_start.o
 .debug_macro   0x0001204a      0x133 atmel_start.o
 .debug_macro   0x0001217d       0x4c atmel_start.o
 .debug_macro   0x000121c9       0xfa atmel_start.o
 .debug_macro   0x000122c3       0xfa atmel_start.o
 .debug_macro   0x000123bd       0xfa atmel_start.o
 .debug_macro   0x000124b7       0xfa atmel_start.o
 .debug_macro   0x000125b1       0xfa atmel_start.o
 .debug_macro   0x000126ab      0x124 atmel_start.o
 .debug_macro   0x000127cf       0xfa atmel_start.o
 .debug_macro   0x000128c9       0xee atmel_start.o
 .debug_macro   0x000129b7       0x76 atmel_start.o
 .debug_macro   0x00012a2d       0x3a atmel_start.o
 .debug_macro   0x00012a67      0x46b atmel_start.o
 .debug_macro   0x00012ed2     0x1de3 atmel_start.o
 .debug_macro   0x00014cb5       0x82 atmel_start.o
 .debug_macro   0x00014d37       0x10 atmel_start.o
 .debug_macro   0x00014d47       0x10 atmel_start.o
 .debug_macro   0x00014d57       0x16 atmel_start.o
 .debug_macro   0x00014d6d       0x16 atmel_start.o
 .debug_macro   0x00014d83       0x16 atmel_start.o
 .debug_macro   0x00014d99       0x16 atmel_start.o
 .debug_macro   0x00014daf       0x16 atmel_start.o
 .debug_macro   0x00014dc5       0x16 atmel_start.o
 .debug_macro   0x00014ddb       0x16 atmel_start.o
 .debug_macro   0x00014df1       0x16 atmel_start.o
 .debug_macro   0x00014e07       0x16 atmel_start.o
 .debug_macro   0x00014e1d       0x16 atmel_start.o
 .debug_macro   0x00014e33       0x16 atmel_start.o
 .debug_macro   0x00014e49       0x16 atmel_start.o
 .debug_macro   0x00014e5f       0x16 atmel_start.o
 .debug_macro   0x00014e75       0x16 atmel_start.o
 .debug_macro   0x00014e8b       0x16 atmel_start.o
 .debug_macro   0x00014ea1       0x16 atmel_start.o
 .debug_macro   0x00014eb7       0x16 atmel_start.o
 .debug_macro   0x00014ecd       0x16 atmel_start.o
 .debug_macro   0x00014ee3       0x16 atmel_start.o
 .debug_macro   0x00014ef9       0x16 atmel_start.o
 .debug_macro   0x00014f0f       0x16 atmel_start.o
 .debug_macro   0x00014f25      0x262 atmel_start.o
 .debug_macro   0x00015187       0x16 atmel_start.o
 .debug_macro   0x0001519d       0x94 atmel_start.o
 .debug_macro   0x00015231       0x16 atmel_start.o
 .debug_macro   0x00015247       0xbe atmel_start.o
 .debug_macro   0x00015305      0x28c atmel_start.o
 .debug_macro   0x00015591       0x16 atmel_start.o
 .debug_macro   0x000155a7       0x16 atmel_start.o
 .debug_macro   0x000155bd       0xca atmel_start.o
 .debug_macro   0x00015687       0x1c atmel_start.o
 .debug_macro   0x000156a3       0x16 atmel_start.o
 .debug_macro   0x000156b9       0xcf atmel_start.o
 .debug_macro   0x00015788       0x6a atmel_start.o
 .debug_macro   0x000157f2      0x3ba Device_Startup/startup_samc21.o
 .debug_macro   0x00015bac       0x39 Device_Startup/startup_samc21.o
 .debug_macro   0x00015be5      0x641 driver_init.o
 .debug_macro   0x00016226       0x28 driver_init.o
 .debug_macro   0x0001624e       0xc9 driver_init.o
 .debug_macro   0x00016317      0x53a hal/src/hal_atomic.o
 .debug_macro   0x00016851      0x571 hal/src/hal_delay.o
 .debug_macro   0x00016dc2      0x54f hal/src/hal_io.o
 .debug_macro   0x00017311      0x59e hal/src/hal_usart_async.o
 .debug_macro   0x000178af      0x544 hal/utils/src/utils_assert.o
 .debug_macro   0x00017df3       0x10 hal/utils/src/utils_assert.o
 .debug_macro   0x00017e03      0x549 hal/utils/src/utils_ringbuffer.o
 .debug_macro   0x0001834c      0x5c9 hpl/core/hpl_init.o
 .debug_macro   0x00018915       0x1c hpl/core/hpl_init.o
 .debug_macro   0x00018931      0x772 hpl/core/hpl_init.o
 .debug_macro   0x000190a3      0x562 hpl/divas/hpl_divas.o
 .debug_macro   0x00019605      0x553 hpl/gclk/hpl_gclk.o
 .debug_macro   0x00019b58      0x1f4 hpl/gclk/hpl_gclk.o
 .debug_macro   0x00019d4c      0x54e hpl/mclk/hpl_mclk.o
 .debug_macro   0x0001a29a      0x549 hpl/osc32kctrl/hpl_osc32kctrl.o
 .debug_macro   0x0001a7e3       0xb8 hpl/osc32kctrl/hpl_osc32kctrl.o
 .debug_macro   0x0001a89b      0x549 hpl/oscctrl/hpl_oscctrl.o
 .debug_macro   0x0001ade4      0x130 hpl/oscctrl/hpl_oscctrl.o
 .debug_macro   0x0001af14      0x79d hpl/sercom/hpl_sercom.o
 .debug_macro   0x0001b6b1       0x70 hpl/sercom/hpl_sercom.o
 .debug_macro   0x0001b721       0xba hpl/sercom/hpl_sercom.o
 .debug_macro   0x0001b7db       0x10 hpl/sercom/hpl_sercom.o
 .debug_macro   0x0001b7eb       0x1c hpl/sercom/hpl_sercom.o
 .debug_macro   0x0001b807       0x22 hpl/sercom/hpl_sercom.o
 .debug_macro   0x0001b829       0x10 hpl/sercom/hpl_sercom.o
 .debug_macro   0x0001b839      0x549 hpl/systick/hpl_systick.o
 .debug_macro   0x0001bd82       0x10 hpl/systick/hpl_systick.o
 .debug_macro   0x0001bd92      0x63a main.o

.debug_line     0x00000000     0xebe2
 .debug_line    0x00000000      0xc07 atmel_start.o
 .debug_line    0x00000c07      0x7c3 Device_Startup/startup_samc21.o
 .debug_line    0x000013ca      0xd03 driver_init.o
 .debug_line    0x000020cd      0xaf2 hal/src/hal_atomic.o
 .debug_line    0x00002bbf      0xb1d hal/src/hal_delay.o
 .debug_line    0x000036dc      0xb06 hal/src/hal_io.o
 .debug_line    0x000041e2      0xde1 hal/src/hal_usart_async.o
 .debug_line    0x00004fc3      0xabc hal/utils/src/utils_assert.o
 .debug_line    0x00005a7f      0xb5b hal/utils/src/utils_ringbuffer.o
 .debug_line    0x000065da      0xba9 hpl/core/hpl_init.o
 .debug_line    0x00007183      0xbc4 hpl/divas/hpl_divas.o
 .debug_line    0x00007d47      0xb0e hpl/gclk/hpl_gclk.o
 .debug_line    0x00008855      0xae4 hpl/mclk/hpl_mclk.o
 .debug_line    0x00009339      0xaf9 hpl/osc32kctrl/hpl_osc32kctrl.o
 .debug_line    0x00009e32      0xb4b hpl/oscctrl/hpl_oscctrl.o
 .debug_line    0x0000a97d     0x2a6f hpl/sercom/hpl_sercom.o
 .debug_line    0x0000d3ec      0xb50 hpl/systick/hpl_systick.o
 .debug_line    0x0000df3c      0xca6 main.o

.debug_str      0x00000000    0x90586
 .debug_str     0x00000000    0x865bb atmel_start.o
                              0x8713b (size before relaxing)
 .debug_str     0x000865bb      0x3e2 Device_Startup/startup_samc21.o
                              0x81c66 (size before relaxing)
 .debug_str     0x0008699d     0x1467 driver_init.o
                              0x88654 (size before relaxing)
 .debug_str     0x00087e04       0xbe hal/src/hal_atomic.o
                              0x863d7 (size before relaxing)
 .debug_str     0x00087ec2       0x9b hal/src/hal_delay.o
                              0x86441 (size before relaxing)
 .debug_str     0x00087f5d       0x44 hal/src/hal_io.o
                              0x86484 (size before relaxing)
 .debug_str     0x00087fa1      0x6a2 hal/src/hal_usart_async.o
                              0x872ee (size before relaxing)
 .debug_str     0x00088643       0x2f hal/utils/src/utils_assert.o
                              0x863e7 (size before relaxing)
 .debug_str     0x00088672       0x24 hal/utils/src/utils_ringbuffer.o
                              0x8648d (size before relaxing)
 .debug_str     0x00088696     0x1aaf hpl/core/hpl_init.o
                              0x888cf (size before relaxing)
 .debug_str     0x0008a145      0x27b hpl/divas/hpl_divas.o
                              0x86658 (size before relaxing)
 .debug_str     0x0008a3c0      0x81b hpl/gclk/hpl_gclk.o
                              0x86d1c (size before relaxing)
 .debug_str     0x0008abdb       0x47 hpl/mclk/hpl_mclk.o
                              0x86738 (size before relaxing)
 .debug_str     0x0008ac22      0x522 hpl/osc32kctrl/hpl_osc32kctrl.o
                              0x868f7 (size before relaxing)
 .debug_str     0x0008b144      0x8db hpl/oscctrl/hpl_oscctrl.o
                              0x86d17 (size before relaxing)
 .debug_str     0x0008ba1f     0x49ad hpl/sercom/hpl_sercom.o
                              0x8c118 (size before relaxing)
 .debug_str     0x000903cc       0xcd hpl/systick/hpl_systick.o
                              0x8642f (size before relaxing)
 .debug_str     0x00090499       0xed main.o
                              0x87537 (size before relaxing)

.debug_frame    0x00000000     0x17b4
 .debug_frame   0x00000000       0x28 atmel_start.o
 .debug_frame   0x00000028       0x38 Device_Startup/startup_samc21.o
 .debug_frame   0x00000060       0x94 driver_init.o
 .debug_frame   0x000000f4       0x40 hal/src/hal_atomic.o
 .debug_frame   0x00000134       0x68 hal/src/hal_delay.o
 .debug_frame   0x0000019c       0x58 hal/src/hal_io.o
 .debug_frame   0x000001f4      0x2ac hal/src/hal_usart_async.o
 .debug_frame   0x000004a0       0x20 hal/utils/src/utils_assert.o
 .debug_frame   0x000004c0       0x94 hal/utils/src/utils_ringbuffer.o
 .debug_frame   0x00000554       0x28 hpl/core/hpl_init.o
 .debug_frame   0x0000057c       0x90 hpl/divas/hpl_divas.o
 .debug_frame   0x0000060c       0x30 hpl/gclk/hpl_gclk.o
 .debug_frame   0x0000063c       0x20 hpl/mclk/hpl_mclk.o
 .debug_frame   0x0000065c       0x20 hpl/osc32kctrl/hpl_osc32kctrl.o
 .debug_frame   0x0000067c       0x30 hpl/oscctrl/hpl_oscctrl.o
 .debug_frame   0x000006ac      0xdf4 hpl/sercom/hpl_sercom.o
 .debug_frame   0x000014a0       0x7c hpl/systick/hpl_systick.o
 .debug_frame   0x0000151c       0x78 main.o
 .debug_frame   0x00001594       0x2c c:/program files (x86)/atmel/studio/7.0/toolchain/arm/arm-gnu-toolchain/bin/../lib/gcc/arm-none-eabi/6.3.1/../../../../arm-none-eabi/lib/thumb/v6-m\libc.a(lib_a-init.o)
 .debug_frame   0x000015c0       0x30 c:/program files (x86)/atmel/studio/7.0/toolchain/arm/arm-gnu-toolchain/bin/../lib/gcc/arm-none-eabi/6.3.1/../../../../arm-none-eabi/lib/thumb/v6-m\libc.a(lib_a-memcpy-stub.o)
 .debug_frame   0x000015f0       0x30 c:/program files (x86)/atmel/studio/7.0/toolchain/arm/arm-gnu-toolchain/bin/../lib/gcc/arm-none-eabi/6.3.1/../../../../arm-none-eabi/lib/thumb/v6-m\libc.a(lib_a-memset.o)
 .debug_frame   0x00001620       0x54 c:/program files (x86)/atmel/studio/7.0/toolchain/arm/arm-gnu-toolchain/bin/../lib/gcc/arm-none-eabi/6.3.1/../../../../arm-none-eabi/lib/thumb/v6-m\libc.a(lib_a-__call_atexit.o)
 .debug_frame   0x00001674       0x28 c:/program files (x86)/atmel/studio/7.0/toolchain/arm/arm-gnu-toolchain/bin/../lib/gcc/arm-none-eabi/6.3.1/../../../../arm-none-eabi/lib/thumb/v6-m\libc.a(lib_a-atexit.o)
 .debug_frame   0x0000169c       0x2c c:/program files (x86)/atmel/studio/7.0/toolchain/arm/arm-gnu-toolchain/bin/../lib/gcc/arm-none-eabi/6.3.1/../../../../arm-none-eabi/lib/thumb/v6-m\libc.a(lib_a-fini.o)
 .debug_frame   0x000016c8       0xb0 c:/program files (x86)/atmel/studio/7.0/toolchain/arm/arm-gnu-toolchain/bin/../lib/gcc/arm-none-eabi/6.3.1/../../../../arm-none-eabi/lib/thumb/v6-m\libc.a(lib_a-lock.o)
 .debug_frame   0x00001778       0x3c c:/program files (x86)/atmel/studio/7.0/toolchain/arm/arm-gnu-toolchain/bin/../lib/gcc/arm-none-eabi/6.3.1/../../../../arm-none-eabi/lib/thumb/v6-m\libc.a(lib_a-__atexit.o)
