Archive member included to satisfy reference by file (symbol)

c:/program files (x86)/atmel/studio/7.0/toolchain/arm/arm-gnu-toolchain/bin/../lib/gcc/arm-none-eabi/6.3.1/../../../../arm-none-eabi/lib/thumb/v6-m\libc_nano.a(lib_a-exit.o)
                              c:/program files (x86)/atmel/studio/7.0/toolchain/arm/arm-gnu-toolchain/bin/../lib/gcc/arm-none-eabi/6.3.1/../../../../arm-none-eabi/lib/thumb/v6-m/crt0.o (exit)
c:/program files (x86)/atmel/studio/7.0/toolchain/arm/arm-gnu-toolchain/bin/../lib/gcc/arm-none-eabi/6.3.1/../../../../arm-none-eabi/lib/thumb/v6-m\libc_nano.a(lib_a-impure.o)
                              c:/program files (x86)/atmel/studio/7.0/toolchain/arm/arm-gnu-toolchain/bin/../lib/gcc/arm-none-eabi/6.3.1/../../../../arm-none-eabi/lib/thumb/v6-m\libc_nano.a(lib_a-exit.o) (_global_impure_ptr)
c:/program files (x86)/atmel/studio/7.0/toolchain/arm/arm-gnu-toolchain/bin/../lib/gcc/arm-none-eabi/6.3.1/../../../../arm-none-eabi/lib/thumb/v6-m\libc_nano.a(lib_a-init.o)
                              c:/program files (x86)/atmel/studio/7.0/toolchain/arm/arm-gnu-toolchain/bin/../lib/gcc/arm-none-eabi/6.3.1/../../../../arm-none-eabi/lib/thumb/v6-m/crt0.o (__libc_init_array)
c:/program files (x86)/atmel/studio/7.0/toolchain/arm/arm-gnu-toolchain/bin/../lib/gcc/arm-none-eabi/6.3.1/../../../../arm-none-eabi/lib/thumb/v6-m\libc_nano.a(lib_a-memset.o)
                              c:/program files (x86)/atmel/studio/7.0/toolchain/arm/arm-gnu-toolchain/bin/../lib/gcc/arm-none-eabi/6.3.1/../../../../arm-none-eabi/lib/thumb/v6-m/crt0.o (memset)
c:/program files (x86)/atmel/studio/7.0/toolchain/arm/arm-gnu-toolchain/bin/../lib/gcc/arm-none-eabi/6.3.1/../../../../arm-none-eabi/lib/thumb/v6-m\libc_nano.a(lib_a-printf.o)
                              hal/utils/src/utils_syscalls.o (printf)
c:/program files (x86)/atmel/studio/7.0/toolchain/arm/arm-gnu-toolchain/bin/../lib/gcc/arm-none-eabi/6.3.1/../../../../arm-none-eabi/lib/thumb/v6-m\libc_nano.a(lib_a-findfp.o)
                              c:/program files (x86)/atmel/studio/7.0/toolchain/arm/arm-gnu-toolchain/bin/../lib/gcc/arm-none-eabi/6.3.1/../../../../arm-none-eabi/lib/thumb/v6-m\libc_nano.a(lib_a-printf.o) (__sinit)
c:/program files (x86)/atmel/studio/7.0/toolchain/arm/arm-gnu-toolchain/bin/../lib/gcc/arm-none-eabi/6.3.1/../../../../arm-none-eabi/lib/thumb/v6-m\libc_nano.a(lib_a-fwalk.o)
                              c:/program files (x86)/atmel/studio/7.0/toolchain/arm/arm-gnu-toolchain/bin/../lib/gcc/arm-none-eabi/6.3.1/../../../../arm-none-eabi/lib/thumb/v6-m\libc_nano.a(lib_a-findfp.o) (_fwalk)
c:/program files (x86)/atmel/studio/7.0/toolchain/arm/arm-gnu-toolchain/bin/../lib/gcc/arm-none-eabi/6.3.1/../../../../arm-none-eabi/lib/thumb/v6-m\libc_nano.a(lib_a-nano-mallocr.o)
                              c:/program files (x86)/atmel/studio/7.0/toolchain/arm/arm-gnu-toolchain/bin/../lib/gcc/arm-none-eabi/6.3.1/../../../../arm-none-eabi/lib/thumb/v6-m\libc_nano.a(lib_a-findfp.o) (_malloc_r)
c:/program files (x86)/atmel/studio/7.0/toolchain/arm/arm-gnu-toolchain/bin/../lib/gcc/arm-none-eabi/6.3.1/../../../../arm-none-eabi/lib/thumb/v6-m\libc_nano.a(lib_a-nano-vfprintf.o)
                              c:/program files (x86)/atmel/studio/7.0/toolchain/arm/arm-gnu-toolchain/bin/../lib/gcc/arm-none-eabi/6.3.1/../../../../arm-none-eabi/lib/thumb/v6-m\libc_nano.a(lib_a-printf.o) (_vfprintf_r)
c:/program files (x86)/atmel/studio/7.0/toolchain/arm/arm-gnu-toolchain/bin/../lib/gcc/arm-none-eabi/6.3.1/../../../../arm-none-eabi/lib/thumb/v6-m\libc_nano.a(lib_a-nano-vfprintf_i.o)
                              c:/program files (x86)/atmel/studio/7.0/toolchain/arm/arm-gnu-toolchain/bin/../lib/gcc/arm-none-eabi/6.3.1/../../../../arm-none-eabi/lib/thumb/v6-m\libc_nano.a(lib_a-nano-vfprintf.o) (_printf_i)
c:/program files (x86)/atmel/studio/7.0/toolchain/arm/arm-gnu-toolchain/bin/../lib/gcc/arm-none-eabi/6.3.1/../../../../arm-none-eabi/lib/thumb/v6-m\libc_nano.a(lib_a-sbrkr.o)
                              c:/program files (x86)/atmel/studio/7.0/toolchain/arm/arm-gnu-toolchain/bin/../lib/gcc/arm-none-eabi/6.3.1/../../../../arm-none-eabi/lib/thumb/v6-m\libc_nano.a(lib_a-nano-mallocr.o) (_sbrk_r)
c:/program files (x86)/atmel/studio/7.0/toolchain/arm/arm-gnu-toolchain/bin/../lib/gcc/arm-none-eabi/6.3.1/../../../../arm-none-eabi/lib/thumb/v6-m\libc_nano.a(lib_a-stdio.o)
                              c:/program files (x86)/atmel/studio/7.0/toolchain/arm/arm-gnu-toolchain/bin/../lib/gcc/arm-none-eabi/6.3.1/../../../../arm-none-eabi/lib/thumb/v6-m\libc_nano.a(lib_a-findfp.o) (__sread)
c:/program files (x86)/atmel/studio/7.0/toolchain/arm/arm-gnu-toolchain/bin/../lib/gcc/arm-none-eabi/6.3.1/../../../../arm-none-eabi/lib/thumb/v6-m\libc_nano.a(lib_a-wbuf.o)
[...]
Memory Configuration

Name             Origin             Length             Attributes
rom              0x00000000         0x00040000         xr
ram              0x20000000         0x00008000         xrw
*default*        0x00000000         0xffffffff

Linker script and memory map

LOAD c:/program files (x86)/atmel/studio/7.0/toolchain/arm/arm-gnu-toolchain/bin/../lib/gcc/arm-none-eabi/6.3.1/thumb/v6-m/crti.o
LOAD c:/program files (x86)/atmel/studio/7.0/toolchain/arm/arm-gnu-toolchain/bin/../lib/gcc/arm-none-eabi/6.3.1/thumb/v6-m/crtbegin.o
LOAD c:/program files (x86)/atmel/studio/7.0/toolchain/arm/arm-gnu-toolchain/bin/../lib/gcc/arm-none-eabi/6.3.1/../../../../arm-none-eabi/lib/thumb/v6-m/crt0.o
LOAD atmel_start.o
LOAD Device_Startup/startup_samc21.o
LOAD Device_Startup/system_samc21.o
LOAD driver_init.o
LOAD examples/driver_examples.o
LOAD hal/src/hal_atomic.o
LOAD hal/src/hal_delay.o
LOAD hal/src/hal_gpio.o
LOAD hal/src/hal_init.o
LOAD hal/src/hal_io.o
LOAD hal/src/hal_sleep.o
LOAD hal/utils/src/utils_assert.o
LOAD hal/utils/src/utils_event.o
LOAD hal/utils/src/utils_list.o
LOAD hal/utils/src/utils_syscalls.o
LOAD hpl/core/hpl_core_m0plus_base.o
LOAD hpl/core/hpl_init.o
LOAD hpl/divas/hpl_divas.o
LOAD hpl/dmac/hpl_dmac.o
LOAD hpl/gclk/hpl_gclk.o
LOAD hpl/mclk/hpl_mclk.o
LOAD hpl/osc32kctrl/hpl_osc32kctrl.o
LOAD hpl/oscctrl/hpl_oscctrl.o
LOAD hpl/pm/hpl_pm.o
LOAD hpl/systick/hpl_systick.o
LOAD main.o
START GROUP
LOAD c:/program files (x86)/atmel/studio/7.0/toolchain/arm/arm-gnu-toolchain/bin/../lib/gcc/arm-none-eabi/6.3.1/../../../../arm-none-eabi/lib/thumb/v6-m\libm.a
END GROUP
START GROUP
LOAD c:/program files (x86)/atmel/studio/7.0/toolchain/arm/arm-gnu-toolchain/bin/../lib/gcc/arm-none-eabi/6.3.1/thumb/v6-m\libgcc.a
LOAD c:/program files (x86)/atmel/studio/7.0/toolchain/arm/arm-gnu-toolchain/bin/../lib/gcc/arm-none-eabi/6.3.1/../../../../arm-none-eabi/lib/thumb/v6-m\libc_nano.a
END GROUP
START GROUP
LOAD c:/program files (x86)/atmel/studio/7.0/toolchain/arm/arm-gnu-toolchain/bin/../lib/gcc/arm-none-eabi/6.3.1/thumb/v6-m\libgcc.a
LOAD c:/program files (x86)/atmel/studio/7.0/toolchain/arm/arm-gnu-toolchain/bin/../lib/gcc/arm-none-eabi/6.3.1/../../../../arm-none-eabi/lib/thumb/v6-m\libc_nano.a
END GROUP
LOAD c:/program files (x86)/atmel/studio/7.0/toolchain/arm/arm-gnu-toolchain/bin/../lib/gcc/arm-none-eabi/6.3.1/thumb/v6-m/crtend.o
LOAD c:/program files (x86)/atmel/studio/7.0/toolchain/arm/arm-gnu-toolchain/bin/../lib/gcc/arm-none-eabi/6.3.1/thumb/v6-m/crtn.o
                0x00002000                STACK_SIZE = DEFINED (STACK_SIZE)?STACK_SIZE:DEFINED (__stack_size__)?__stack_size__:0x2000

.text           0x00000000      0x4a0
                0x00000000                . = ALIGN (0x4)
                0x00000000                _sfixed = .
 *(.vectors .vectors.*)
 .vectors       0x00000000       0xbc Device_Startup/startup_samc21.o
                0x00000000                exception_table
 *(.text .text.* .gnu.linkonce.t.*)
 .text          0x000000bc       0x60 c:/program files (x86)/atmel/studio/7.0/toolchain/arm/arm-gnu-toolchain/bin/../lib/gcc/arm-none-eabi/6.3.1/thumb/v6-m/crtbegin.o
 .text.atmel_start_init
                0x0000011c        0xc atmel_start.o
                0x0000011c                atmel_start_init
 .text.Dummy_Handler
                0x00000128        0x2 Device_Startup/startup_samc21.o
                0x00000128                SVCall_Handler
                0x00000128                DMAC_Handler
                0x00000128                HardFault_Handler
                0x00000128                TC2_Handler
                0x00000128                AC_Handler
                0x00000128                SysTick_Handler
                0x00000128                PendSV_Handler
                0x00000128                SERCOM1_Handler
                0x00000128                NonMaskableInt_Handler
                0x00000128                TCC1_Handler
                0x00000128                SERCOM2_Handler
                0x00000128                TCC0_Handler
                0x00000128                RTC_Handler
                0x00000128                ADC1_Handler
                0x00000128                EIC_Handler
                0x00000128                WDT_Handler
                0x00000128                CAN0_Handler
                0x00000128                TC4_Handler
                0x00000128                TC1_Handler
                0x00000128                TC3_Handler
                0x00000128                SDADC_Handler
                0x00000128                Dummy_Handler
                0x00000128                SERCOM5_Handler
                0x00000128                CAN1_Handler
                0x00000128                ADC0_Handler
                0x00000128                TSENS_Handler
                0x00000128                TCC2_Handler
                0x00000128                EVSYS_Handler
                0x00000128                SERCOM3_Handler
                0x00000128                SERCOM4_Handler
                0x00000128                NVMCTRL_Handler
                0x00000128                SYSTEM_Handler
                0x00000128                SERCOM0_Handler
                0x00000128                DAC_Handler
                0x00000128                PTC_Handler
                0x00000128                FREQM_Handler
                0x00000128                TC0_Handler
 *fill*         0x0000012a        0x2 
 .text.Reset_Handler
                0x0000012c       0x88 Device_Startup/startup_samc21.o
                0x0000012c                Reset_Handler
 .text.delay_driver_init
                0x000001b4       0x14 driver_init.o
                0x000001b4                delay_driver_init
 .text.system_init
                0x000001c8       0xe8 driver_init.o
                0x000001c8                system_init
 .text.atomic_enter_critical
                0x000002b0        0xe hal/src/hal_atomic.o
                0x000002b0                atomic_enter_critical
 .text.atomic_leave_critical
                0x000002be        0xc hal/src/hal_atomic.o
                0x000002be                atomic_leave_critical
 *fill*         0x000002ca        0x2 
 .text.delay_init
                0x000002cc       0x14 hal/src/hal_delay.o
                0x000002cc                delay_init
 .text._init_chip
                0x000002e0       0x40 hpl/core/hpl_init.o
                0x000002e0                _init_chip
 .text._div_init
                0x00000320        0xe hpl/divas/hpl_divas.o
                0x00000320                _div_init
 *fill*         0x0000032e        0x2 
 .text._gclk_init_generators_by_fref
                0x00000330       0x24 hpl/gclk/hpl_gclk.o
                0x00000330                _gclk_init_generators_by_fref
 .text._mclk_init
                0x00000354        0xc hpl/mclk/hpl_mclk.o
                0x00000354                _mclk_init
 .text._osc32kctrl_init_sources
                0x00000360       0x18 hpl/osc32kctrl/hpl_osc32kctrl.o
                0x00000360                _osc32kctrl_init_sources
 .text._oscctrl_init_sources
                0x00000378       0x40 hpl/oscctrl/hpl_oscctrl.o
                0x00000378                _oscctrl_init_sources
 .text._oscctrl_init_referenced_generators
                0x000003b8        0x2 hpl/oscctrl/hpl_oscctrl.o
                0x000003b8                _oscctrl_init_referenced_generators
 *fill*         0x000003ba        0x2 
 .text._delay_init
                0x000003bc       0x14 hpl/systick/hpl_systick.o
                0x000003bc                _delay_init
 .text.main     0x000003d0       0x68 main.o
                0x000003d0                main
 .text.__libc_init_array
                0x00000438       0x48 c:/program files (x86)/atmel/studio/7.0/toolchain/arm/arm-gnu-toolchain/bin/../lib/gcc/arm-none-eabi/6.3.1/../../../../arm-none-eabi/lib/thumb/v6-m\libc_nano.a(lib_a-init.o)
                0x00000438                __libc_init_array
 *(.glue_7t)
 .glue_7t       0x00000480        0x0 linker stubs
 *(.glue_7)
 .glue_7        0x00000480        0x0 linker stubs
 *(.rodata .rodata* .gnu.linkonce.r.*)
 *(.ARM.extab* .gnu.linkonce.armextab.*)
                0x00000480                . = ALIGN (0x4)
 *(.init)
 .init          0x00000480        0x4 c:/program files (x86)/atmel/studio/7.0/toolchain/arm/arm-gnu-toolchain/bin/../lib/gcc/arm-none-eabi/6.3.1/thumb/v6-m/crti.o
                0x00000480                _init
 .init          0x00000484        0x8 c:/program files (x86)/atmel/studio/7.0/toolchain/arm/arm-gnu-toolchain/bin/../lib/gcc/arm-none-eabi/6.3.1/thumb/v6-m/crtn.o
                0x0000048c                . = ALIGN (0x4)
                0x0000048c                __preinit_array_start = .
 *(.preinit_array)
                0x0000048c                __preinit_array_end = .
                0x0000048c                . = ALIGN (0x4)
                0x0000048c                __init_array_start = .
 *(SORT(.init_array.*))
 *(.init_array)
 .init_array    0x0000048c        0x4 c:/program files (x86)/atmel/studio/7.0/toolchain/arm/arm-gnu-toolchain/bin/../lib/gcc/arm-none-eabi/6.3.1/thumb/v6-m/crtbegin.o
                0x00000490                __init_array_end = .
                0x00000490                . = ALIGN (0x4)
 *crtbegin.o(.ctors)
 *(EXCLUDE_FILE(*crtend.o) .ctors)
 *(SORT(.ctors.*))
 *crtend.o(.ctors)
                0x00000490                . = ALIGN (0x4)
 *(.fini)
 .fini          0x00000490        0x4 c:/program files (x86)/atmel/studio/7.0/toolchain/arm/arm-gnu-toolchain/bin/../lib/gcc/arm-none-eabi/6.3.1/thumb/v6-m/crti.o
                0x00000490                _fini
 .fini          0x00000494        0x8 c:/program files (x86)/atmel/studio/7.0/toolchain/arm/arm-gnu-toolchain/bin/../lib/gcc/arm-none-eabi/6.3.1/thumb/v6-m/crtn.o
                0x0000049c                . = ALIGN (0x4)
                0x0000049c                __fini_array_start = .
 *(.fini_array)
 .fini_array    0x0000049c        0x4 c:/program files (x86)/atmel/studio/7.0/toolchain/arm/arm-gnu-toolchain/bin/../lib/gcc/arm-none-eabi/6.3.1/thumb/v6-m/crtbegin.o
 *(SORT(.fini_array.*))
                0x000004a0                __fini_array_end = .
 *crtbegin.o(.dtors)
 *(EXCLUDE_FILE(*crtend.o) .dtors)
 *(SORT(.dtors.*))
 *crtend.o(.dtors)
                0x000004a0                . = ALIGN (0x4)
                0x000004a0                _efixed = .
                [!provide]                PROVIDE (__exidx_start, .)

.vfp11_veneer   0x000004a0        0x0
 .vfp11_veneer  0x000004a0        0x0 linker stubs

.v4_bx          0x000004a0        0x0
 .v4_bx         0x000004a0        0x0 linker stubs

.iplt           0x000004a0        0x0
 .iplt          0x000004a0        0x0 c:/program files (x86)/atmel/studio/7.0/toolchain/arm/arm-gnu-toolchain/bin/../lib/gcc/arm-none-eabi/6.3.1/thumb/v6-m/crtbegin.o

.eh_frame       0x000004a0        0x0
 .eh_frame      0x000004a0        0x0 c:/program files (x86)/atmel/studio/7.0/toolchain/arm/arm-gnu-toolchain/bin/../lib/gcc/arm-none-eabi/6.3.1/thumb/v6-m/crtbegin.o

.rel.dyn        0x000004a0        0x0
 .rel.iplt      0x000004a0        0x0 c:/program files (x86)/atmel/studio/7.0/toolchain/arm/arm-gnu-toolchain/bin/../lib/gcc/arm-none-eabi/6.3.1/thumb/v6-m/crtbegin.o

.jcr            0x000004a0        0x0
 .jcr           0x000004a0        0x0 c:/program files (x86)/atmel/studio/7.0/toolchain/arm/arm-gnu-toolchain/bin/../lib/gcc/arm-none-eabi/6.3.1/thumb/v6-m/crtbegin.o

.igot.plt       0x000004a0        0x0
 .igot.plt      0x000004a0        0x0 c:/program files (x86)/atmel/studio/7.0/toolchain/arm/arm-gnu-toolchain/bin/../lib/gcc/arm-none-eabi/6.3.1/thumb/v6-m/crtbegin.o

.ARM.exidx
 *(.ARM.exidx* .gnu.linkonce.armexidx.*)
                [!provide]                PROVIDE (__exidx_end, .)
                0x000004a0                . = ALIGN (0x4)
                0x000004a0                _etext = .

.relocate       0x20000000        0x0 load address 0x000004a0
                0x20000000                . = ALIGN (0x4)
                0x20000000                _srelocate = .
 *(.ramfunc .ramfunc.*)
 *(.data .data.*)
                0x20000000                . = ALIGN (0x4)
                0x20000000                _erelocate = .

.bss            0x20000000       0x24
                0x20000000                . = ALIGN (0x4)
                0x20000000                _sbss = .
                0x20000000                _szero = .
 *(.bss .bss.*)
 .bss           0x20000000       0x1c c:/program files (x86)/atmel/studio/7.0/toolchain/arm/arm-gnu-toolchain/bin/../lib/gcc/arm-none-eabi/6.3.1/thumb/v6-m/crtbegin.o
 .bss           0x2000001c        0x4 hal/src/hal_delay.o
 *(COMMON)
 COMMON         0x20000020        0x2 main.o
                0x20000020                btn_old
                0x20000021                btn_new
                0x20000024                . = ALIGN (0x4)
 *fill*         0x20000022        0x2 
                0x20000024                _ebss = .
                0x20000024                _ezero = .

.stack          0x20000024     0x2004
                0x20000028                . = ALIGN (0x8)
 *fill*         0x20000024        0x4 
                0x20000028                _sstack = .
                0x20002028                . = (. + STACK_SIZE)
 *fill*         0x20000028     0x2000 
                0x20002028                . = ALIGN (0x8)
                0x20002028                _estack = .
                0x20002028                . = ALIGN (0x4)
                0x20002028                _end = .
OUTPUT(led_button.elf elf32-littlearm)

.ARM.attributes
                0x00000000       0x28
 .ARM.attributes
                0x00000000       0x1e c:/program files (x86)/atmel/studio/7.0/toolchain/arm/arm-gnu-toolchain/bin/../lib/gcc/arm-none-eabi/6.3.1/thumb/v6-m/crti.o
 .ARM.attributes
                0x0000001e       0x2c c:/program files (x86)/atmel/studio/7.0/toolchain/arm/arm-gnu-toolchain/bin/../lib/gcc/arm-none-eabi/6.3.1/thumb/v6-m/crtbegin.o
 .ARM.attributes
                0x0000004a       0x32 atmel_start.o
 .ARM.attributes
                0x0000007c       0x32 Device_Startup/startup_samc21.o
 .ARM.attributes
                0x000000ae       0x32 driver_init.o
 .ARM.attributes
                0x000000e0       0x32 hal/src/hal_atomic.o
 .ARM.attributes
                0x00000112       0x32 hal/src/hal_delay.o
 .ARM.attributes
                0x00000144       0x32 hpl/core/hpl_init.o
 .ARM.attributes
                0x00000176       0x32 hpl/divas/hpl_divas.o
 .ARM.attributes
                0x000001a8       0x32 hpl/gclk/hpl_gclk.o
 .ARM.attributes
                0x000001da       0x32 hpl/mclk/hpl_mclk.o
 .ARM.attributes
                0x0000020c       0x32 hpl/osc32kctrl/hpl_osc32kctrl.o
 .ARM.attributes
                0x0000023e       0x32 hpl/oscctrl/hpl_oscctrl.o
 .ARM.attributes
                0x00000270       0x32 hpl/systick/hpl_systick.o
 .ARM.attributes
                0x000002a2       0x32 main.o
 .ARM.attributes
                0x000002d4       0x2c c:/program files (x86)/atmel/studio/7.0/toolchain/arm/arm-gnu-toolchain/bin/../lib/gcc/arm-none-eabi/6.3.1/../../../../arm-none-eabi/lib/thumb/v6-m\libc_nano.a(lib_a-init.o)
 .ARM.attributes
                0x00000300       0x1e c:/program files (x86)/atmel/studio/7.0/toolchain/arm/arm-gnu-toolchain/bin/../lib/gcc/arm-none-eabi/6.3.1/thumb/v6-m/crtn.o

.comment        0x00000000       0x59
 .comment       0x00000000       0x59 atmel_start.o
                                 0x5a (size before relaxing)
 .comment       0x00000059       0x5a Device_Startup/startup_samc21.o
 .comment       0x00000059       0x5a driver_init.o
 .comment       0x00000059       0x5a hal/src/hal_atomic.o
 .comment       0x00000059       0x5a hal/src/hal_delay.o
 .comment       0x00000059       0x5a hpl/core/hpl_init.o
 .comment       0x00000059       0x5a hpl/divas/hpl_divas.o
 .comment       0x00000059       0x5a hpl/gclk/hpl_gclk.o
 .comment       0x00000059       0x5a hpl/mclk/hpl_mclk.o
 .comment       0x00000059       0x5a hpl/osc32kctrl/hpl_osc32kctrl.o
 .comment       0x00000059       0x5a hpl/oscctrl/hpl_oscctrl.o
 .comment       0x00000059       0x5a hpl/systick/hpl_systick.o
 .comment       0x00000059       0x5a main.o

.debug_info     0x00000000     0x5fdf
 .debug_info    0x00000000       0xcf atmel_start.o
 .debug_info    0x000000cf      0x523 Device_Startup/startup_samc21.o
 .debug_info    0x000005f2     0x177b driver_init.o
 .debug_info    0x00001d6d      0x1d1 hal/src/hal_atomic.o
 .debug_info    0x00001f3e      0x1dc hal/src/hal_delay.o
 .debug_info    0x0000211a      0x75c hpl/core/hpl_init.o
 .debug_info    0x00002876      0x854 hpl/divas/hpl_divas.o
 .debug_info    0x000030ca      0x582 hpl/gclk/hpl_gclk.o
 .debug_info    0x0000364c      0x7c2 hpl/mclk/hpl_mclk.o
 .debug_info    0x00003e0e      0x770 hpl/osc32kctrl/hpl_osc32kctrl.o
 .debug_info    0x0000457e      0xdd6 hpl/oscctrl/hpl_oscctrl.o
 .debug_info    0x00005354      0x276 hpl/systick/hpl_systick.o
 .debug_info    0x000055ca      0xa15 main.o

.debug_abbrev   0x00000000     0x15db
 .debug_abbrev  0x00000000       0x84 atmel_start.o
 .debug_abbrev  0x00000084      0x14f Device_Startup/startup_samc21.o
 .debug_abbrev  0x000001d3      0x27e driver_init.o
 .debug_abbrev  0x00000451      0x144 hal/src/hal_atomic.o
 .debug_abbrev  0x00000595       0xe1 hal/src/hal_delay.o
 .debug_abbrev  0x00000676      0x1ce hpl/core/hpl_init.o
 .debug_abbrev  0x00000844      0x232 hpl/divas/hpl_divas.o
 .debug_abbrev  0x00000a76      0x19a hpl/gclk/hpl_gclk.o
 .debug_abbrev  0x00000c10      0x1ac hpl/mclk/hpl_mclk.o
 .debug_abbrev  0x00000dbc      0x1d1 hpl/osc32kctrl/hpl_osc32kctrl.o
 .debug_abbrev  0x00000f8d      0x209 hpl/oscctrl/hpl_oscctrl.o
 .debug_abbrev  0x00001196      0x185 hpl/systick/hpl_systick.o
 .debug_abbrev  0x0000131b      0x2c0 main.o

.debug_loc      0x00000000     0x10e9
 .debug_loc     0x00000000       0x20 atmel_start.o
 .debug_loc     0x00000020       0x40 Device_Startup/startup_samc21.o
 .debug_loc     0x00000060      0x8d6 driver_init.o
 .debug_loc     0x00000936       0x13 hal/src/hal_atomic.o
 .debug_loc     0x00000949       0xc3 hal/src/hal_delay.o
 .debug_loc     0x00000a0c       0x4c hpl/core/hpl_init.o
 .debug_loc     0x00000a58      0x2a5 hpl/divas/hpl_divas.o
 .debug_loc     0x00000cfd       0x72 hpl/gclk/hpl_gclk.o
 .debug_loc     0x00000d6f       0x2c hpl/mclk/hpl_mclk.o
 .debug_loc     0x00000d9b       0x94 hpl/osc32kctrl/hpl_osc32kctrl.o
 .debug_loc     0x00000e2f       0x74 hpl/oscctrl/hpl_oscctrl.o
 .debug_loc     0x00000ea3      0x10e hpl/systick/hpl_systick.o
 .debug_loc     0x00000fb1      0x138 main.o

.debug_aranges  0x00000000      0x230
 .debug_aranges
                0x00000000       0x20 atmel_start.o
 .debug_aranges
                0x00000020       0x28 Device_Startup/startup_samc21.o
 .debug_aranges
                0x00000048       0x28 driver_init.o
 .debug_aranges
                0x00000070       0x30 hal/src/hal_atomic.o
 .debug_aranges
                0x000000a0       0x38 hal/src/hal_delay.o
 .debug_aranges
                0x000000d8       0x20 hpl/core/hpl_init.o
 .debug_aranges
                0x000000f8       0x40 hpl/divas/hpl_divas.o
 .debug_aranges
                0x00000138       0x28 hpl/gclk/hpl_gclk.o
 .debug_aranges
                0x00000160       0x20 hpl/mclk/hpl_mclk.o
 .debug_aranges
                0x00000180       0x20 hpl/osc32kctrl/hpl_osc32kctrl.o
 .debug_aranges
                0x000001a0       0x28 hpl/oscctrl/hpl_oscctrl.o
 .debug_aranges
                0x000001c8       0x48 hpl/systick/hpl_systick.o
 .debug_aranges
                0x00000210       0x20 main.o

.debug_ranges   0x00000000      0x1c0
 .debug_ranges  0x00000000       0x10 atmel_start.o
 .debug_ranges  0x00000010       0x18 Device_Startup/startup_samc21.o
 .debug_ranges  0x00000028       0x18 driver_init.o
 .debug_ranges  0x00000040       0x20 hal/src/hal_atomic.o
 .debug_ranges  0x00000060       0x28 hal/src/hal_delay.o
 .debug_ranges  0x00000088       0x10 hpl/core/hpl_init.o
 .debug_ranges  0x00000098       0x30 hpl/divas/hpl_divas.o
 .debug_ranges  0x000000c8       0x18 hpl/gclk/hpl_gclk.o
 .debug_ranges  0x000000e0       0x10 hpl/mclk/hpl_mclk.o
 .debug_ranges  0x000000f0       0x10 hpl/osc32kctrl/hpl_osc32kctrl.o
 .debug_ranges  0x00000100       0x48 hpl/oscctrl/hpl_oscctrl.o
 .debug_ranges  0x00000148       0x38 hpl/systick/hpl_systick.o
 .debug_ranges  0x00000180       0x40 main.o

.debug_macro    0x00000000    0x1a423
 .debug_macro   0x00000000      0x5f0 atmel_start.o
 .debug_macro   0x000005f0      0x89e atmel_start.o
 .debug_macro   0x00000e8e      0x16d atmel_start.o
 .debug_macro   0x00000ffb       0x22 atmel_start.o
 .debug_macro   0x0000101d       0x87 atmel_start.o
 .debug_macro   0x000010a4       0x51 atmel_start.o
 .debug_macro   0x000010f5       0xef atmel_start.o
 .debug_macro   0x000011e4       0x6a atmel_start.o
 .debug_macro   0x0000124e      0x1df atmel_start.o
 .debug_macro   0x0000142d       0x22 atmel_start.o
 .debug_macro   0x0000144f       0x3f atmel_start.o
 .debug_macro   0x0000148e       0x1c atmel_start.o
 .debug_macro   0x000014aa       0x22 atmel_start.o
 .debug_macro   0x000014cc       0xb5 atmel_start.o
 .debug_macro   0x00001581      0x4da atmel_start.o
 .debug_macro   0x00001a5b      0x11f atmel_start.o
 .debug_macro   0x00001b7a      0x897 atmel_start.o
 .debug_macro   0x00002411      0x8c0 atmel_start.o
 .debug_macro   0x00002cd1     0x2d61 atmel_start.o
 .debug_macro   0x00005a32      0x21e atmel_start.o
 .debug_macro   0x00005c50      0x282 atmel_start.o
 .debug_macro   0x00005ed2      0x130 atmel_start.o
 .debug_macro   0x00006002      0xd32 atmel_start.o
 .debug_macro   0x00006d34      0x61f atmel_start.o
 .debug_macro   0x00007353      0x5be atmel_start.o
 .debug_macro   0x00007911      0x824 atmel_start.o
 .debug_macro   0x00008135      0x172 atmel_start.o
 .debug_macro   0x000082a7      0x306 atmel_start.o
 .debug_macro   0x000085ad      0x55f atmel_start.o
 .debug_macro   0x00008b0c      0x421 atmel_start.o
 .debug_macro   0x00008f2d      0x21c atmel_start.o
 .debug_macro   0x00009149      0x719 atmel_start.o
 .debug_macro   0x00009862      0x5ab atmel_start.o
 .debug_macro   0x00009e0d      0x335 atmel_start.o
 .debug_macro   0x0000a142      0x68d atmel_start.o
 .debug_macro   0x0000a7cf       0xc4 atmel_start.o
 .debug_macro   0x0000a893      0x340 atmel_start.o
 .debug_macro   0x0000abd3       0x6a atmel_start.o
 .debug_macro   0x0000ac3d     0x124b atmel_start.o
 .debug_macro   0x0000be88      0x5a5 atmel_start.o
 .debug_macro   0x0000c42d      0xfc4 atmel_start.o
 .debug_macro   0x0000d3f1      0x59e atmel_start.o
 .debug_macro   0x0000d98f      0x8ae atmel_start.o
 .debug_macro   0x0000e23d     0x19be atmel_start.o
 .debug_macro   0x0000fbfb      0x39c atmel_start.o
 .debug_macro   0x0000ff97      0x36a atmel_start.o
 .debug_macro   0x00010301       0x94 atmel_start.o
 .debug_macro   0x00010395       0xac atmel_start.o
 .debug_macro   0x00010441       0xac atmel_start.o
 .debug_macro   0x000104ed      0x149 atmel_start.o
 .debug_macro   0x00010636      0x149 atmel_start.o
 .debug_macro   0x0001077f       0x4c atmel_start.o
 .debug_macro   0x000107cb       0x58 atmel_start.o
 .debug_macro   0x00010823       0x3a atmel_start.o
 .debug_macro   0x0001085d       0xd6 atmel_start.o
 .debug_macro   0x00010933       0xb8 atmel_start.o
 .debug_macro   0x000109eb       0x64 atmel_start.o
 .debug_macro   0x00010a4f      0x5d7 atmel_start.o
 .debug_macro   0x00011026       0x4c atmel_start.o
 .debug_macro   0x00011072      0x1be atmel_start.o
 .debug_macro   0x00011230      0x184 atmel_start.o
 .debug_macro   0x000113b4       0x52 atmel_start.o
 .debug_macro   0x00011406       0xa0 atmel_start.o
 .debug_macro   0x000114a6       0xd6 atmel_start.o
 .debug_macro   0x0001157c       0x94 atmel_start.o
 .debug_macro   0x00011610       0x4c atmel_start.o
 .debug_macro   0x0001165c       0x64 atmel_start.o
 .debug_macro   0x000116c0       0x22 atmel_start.o
 .debug_macro   0x000116e2      0x16c atmel_start.o
 .debug_macro   0x0001184e       0x2e atmel_start.o
 .debug_macro   0x0001187c       0x16 atmel_start.o
 .debug_macro   0x00011892       0xd6 atmel_start.o
 .debug_macro   0x00011968       0xa0 atmel_start.o
 .debug_macro   0x00011a08      0x133 atmel_start.o
 .debug_macro   0x00011b3b      0x133 atmel_start.o
 .debug_macro   0x00011c6e      0x133 atmel_start.o
 .debug_macro   0x00011da1      0x133 atmel_start.o
 .debug_macro   0x00011ed4      0x133 atmel_start.o
 .debug_macro   0x00012007      0x133 atmel_start.o
 .debug_macro   0x0001213a       0x4c atmel_start.o
 .debug_macro   0x00012186       0xfa atmel_start.o
 .debug_macro   0x00012280       0xfa atmel_start.o
 .debug_macro   0x0001237a       0xfa atmel_start.o
 .debug_macro   0x00012474       0xfa atmel_start.o
 .debug_macro   0x0001256e       0xfa atmel_start.o
 .debug_macro   0x00012668      0x124 atmel_start.o
 .debug_macro   0x0001278c       0xfa atmel_start.o
 .debug_macro   0x00012886       0xee atmel_start.o
 .debug_macro   0x00012974       0x76 atmel_start.o
 .debug_macro   0x000129ea       0x3a atmel_start.o
 .debug_macro   0x00012a24      0x46b atmel_start.o
 .debug_macro   0x00012e8f     0x1de3 atmel_start.o
 .debug_macro   0x00014c72       0x82 atmel_start.o
 .debug_macro   0x00014cf4       0x10 atmel_start.o
 .debug_macro   0x00014d04       0x10 atmel_start.o
 .debug_macro   0x00014d14       0x16 atmel_start.o
 .debug_macro   0x00014d2a       0x16 atmel_start.o
 .debug_macro   0x00014d40       0x16 atmel_start.o
 .debug_macro   0x00014d56       0x16 atmel_start.o
 .debug_macro   0x00014d6c       0x16 atmel_start.o
 .debug_macro   0x00014d82       0x16 atmel_start.o
 .debug_macro   0x00014d98       0x16 atmel_start.o
 .debug_macro   0x00014dae       0x16 atmel_start.o
 .debug_macro   0x00014dc4       0x16 atmel_start.o
 .debug_macro   0x00014dda       0x16 atmel_start.o
 .debug_macro   0x00014df0       0x16 atmel_start.o
 .debug_macro   0x00014e06       0x16 atmel_start.o
 .debug_macro   0x00014e1c       0x16 atmel_start.o
 .debug_macro   0x00014e32       0x16 atmel_start.o
 .debug_macro   0x00014e48       0x16 atmel_start.o
 .debug_macro   0x00014e5e       0x16 atmel_start.o
 .debug_macro   0x00014e74       0x16 atmel_start.o
 .debug_macro   0x00014e8a       0x16 atmel_start.o
 .debug_macro   0x00014ea0       0x16 atmel_start.o
 .debug_macro   0x00014eb6       0x16 atmel_start.o
 .debug_macro   0x00014ecc       0x16 atmel_start.o
 .debug_macro   0x00014ee2      0x262 atmel_start.o
 .debug_macro   0x00015144       0x16 atmel_start.o
 .debug_macro   0x0001515a       0x94 atmel_start.o
 .debug_macro   0x000151ee       0x16 atmel_start.o
 .debug_macro   0x00015204       0xbe atmel_start.o
 .debug_macro   0x000152c2      0x28c atmel_start.o
 .debug_macro   0x0001554e       0x16 atmel_start.o
 .debug_macro   0x00015564       0x16 atmel_start.o
 .debug_macro   0x0001557a       0xca atmel_start.o
 .debug_macro   0x00015644       0x1c atmel_start.o
 .debug_macro   0x00015660       0x16 atmel_start.o
 .debug_macro   0x00015676       0xcf atmel_start.o
 .debug_macro   0x00015745       0x5e atmel_start.o
 .debug_macro   0x000157a3      0x3ba Device_Startup/startup_samc21.o
 .debug_macro   0x00015b5d       0x39 Device_Startup/startup_samc21.o
 .debug_macro   0x00015b96      0x5f8 driver_init.o
 .debug_macro   0x0001618e       0x10 driver_init.o
 .debug_macro   0x0001619e       0xc9 driver_init.o
 .debug_macro   0x00016267      0x53a hal/src/hal_atomic.o
 .debug_macro   0x000167a1      0x571 hal/src/hal_delay.o
 .debug_macro   0x00016d12      0x5c9 hpl/core/hpl_init.o
 .debug_macro   0x000172db       0x1c hpl/core/hpl_init.o
 .debug_macro   0x000172f7      0x772 hpl/core/hpl_init.o
 .debug_macro   0x00017a69      0x562 hpl/divas/hpl_divas.o
 .debug_macro   0x00017fcb      0x553 hpl/gclk/hpl_gclk.o
 .debug_macro   0x0001851e      0x1f4 hpl/gclk/hpl_gclk.o
 .debug_macro   0x00018712      0x54e hpl/mclk/hpl_mclk.o
 .debug_macro   0x00018c60      0x549 hpl/osc32kctrl/hpl_osc32kctrl.o
 .debug_macro   0x000191a9       0xb8 hpl/osc32kctrl/hpl_osc32kctrl.o
 .debug_macro   0x00019261      0x549 hpl/oscctrl/hpl_oscctrl.o
 .debug_macro   0x000197aa      0x130 hpl/oscctrl/hpl_oscctrl.o
 .debug_macro   0x000198da      0x549 hpl/systick/hpl_systick.o
 .debug_macro   0x00019e23       0x10 hpl/systick/hpl_systick.o
 .debug_macro   0x00019e33      0x5f0 main.o

.debug_line     0x00000000     0x90b3
 .debug_line    0x00000000      0xbb8 atmel_start.o
 .debug_line    0x00000bb8      0x7c3 Device_Startup/startup_samc21.o
 .debug_line    0x0000137b      0xc4b driver_init.o
 .debug_line    0x00001fc6      0xaf2 hal/src/hal_atomic.o
 .debug_line    0x00002ab8      0xb1d hal/src/hal_delay.o
 .debug_line    0x000035d5      0xba9 hpl/core/hpl_init.o
 .debug_line    0x0000417e      0xbc4 hpl/divas/hpl_divas.o
 .debug_line    0x00004d42      0xb0e hpl/gclk/hpl_gclk.o
 .debug_line    0x00005850      0xae4 hpl/mclk/hpl_mclk.o
 .debug_line    0x00006334      0xaf9 hpl/osc32kctrl/hpl_osc32kctrl.o
 .debug_line    0x00006e2d      0xb4b hpl/oscctrl/hpl_oscctrl.o
 .debug_line    0x00007978      0xb50 hpl/systick/hpl_systick.o
 .debug_line    0x000084c8      0xbeb main.o

.debug_str      0x00000000    0x8ab43
 .debug_str     0x00000000    0x863db atmel_start.o
                              0x86ef4 (size before relaxing)
 .debug_str     0x000863db      0x3e2 Device_Startup/startup_samc21.o
                              0x81c72 (size before relaxing)
 .debug_str     0x000867bd      0x9a6 driver_init.o
                              0x8790a (size before relaxing)
 .debug_str     0x00087163       0xbe hal/src/hal_atomic.o
                              0x863e3 (size before relaxing)
 .debug_str     0x00087221       0xa6 hal/src/hal_delay.o
                              0x8644d (size before relaxing)
 .debug_str     0x000872c7     0x1b06 hpl/core/hpl_init.o
                              0x8881e (size before relaxing)
 .debug_str     0x00088dcd      0x285 hpl/divas/hpl_divas.o
                              0x86664 (size before relaxing)
 .debug_str     0x00089052      0x8f1 hpl/gclk/hpl_gclk.o
                              0x86d28 (size before relaxing)
 .debug_str     0x00089943      0x24b hpl/mclk/hpl_mclk.o
                              0x86687 (size before relaxing)
 .debug_str     0x00089b8e      0x529 hpl/osc32kctrl/hpl_osc32kctrl.o
                              0x86903 (size before relaxing)
 .debug_str     0x0008a0b7      0x8db hpl/oscctrl/hpl_oscctrl.o
                              0x86d23 (size before relaxing)
 .debug_str     0x0008a992       0xcd hpl/systick/hpl_systick.o
                              0x8643b (size before relaxing)
 .debug_str     0x0008aa5f       0xe4 main.o
                              0x87280 (size before relaxing)

.debug_frame    0x00000000      0x384
 .debug_frame   0x00000000       0x28 atmel_start.o
 .debug_frame   0x00000028       0x38 Device_Startup/startup_samc21.o
 .debug_frame   0x00000060       0x4c driver_init.o
 .debug_frame   0x000000ac       0x40 hal/src/hal_atomic.o
 .debug_frame   0x000000ec       0x68 hal/src/hal_delay.o
 .debug_frame   0x00000154       0x28 hpl/core/hpl_init.o
 .debug_frame   0x0000017c       0x90 hpl/divas/hpl_divas.o
 .debug_frame   0x0000020c       0x30 hpl/gclk/hpl_gclk.o
 .debug_frame   0x0000023c       0x20 hpl/mclk/hpl_mclk.o
 .debug_frame   0x0000025c       0x20 hpl/osc32kctrl/hpl_osc32kctrl.o
 .debug_frame   0x0000027c       0x30 hpl/oscctrl/hpl_oscctrl.o
 .debug_frame   0x000002ac       0x7c hpl/systick/hpl_systick.o
 .debug_frame   0x00000328       0x30 main.o
 .debug_frame   0x00000358       0x2c c:/program files (x86)/atmel/studio/7.0/toolchain/arm/arm-gnu-toolchain/bin/../lib/gcc/arm-none-eabi/6.3.1/../../../../arm-none-eabi/lib/thumb/v6-m\libc_nano.a(lib_a-init.o)
