Archive member included to satisfy reference by file (symbol)

c:/program files (x86)/atmel/studio/7.0/toolchain/arm/arm-gnu-toolchain/bin/../lib/gcc/arm-none-eabi/6.3.1/thumb/v6-m\libgcc.a(_aeabi_uldivmod.o)
                              hpl/sercom/hpl_sercom.o (__aeabi_uldivmod)
c:/program files (x86)/atmel/studio/7.0/toolchain/arm/arm-gnu-toolchain/bin/../lib/gcc/arm-none-eabi/6.3.1/thumb/v6-m\libgcc.a(_muldi3.o)
                              hpl/sercom/hpl_sercom.o (__aeabi_lmul)
c:/program files (x86)/atmel/studio/7.0/toolchain/arm/arm-gnu-toolchain/bin/../lib/gcc/arm-none-eabi/6.3.1/thumb/v6-m\libgcc.a(_fixunsdfsi.o)
                              hpl/sercom/hpl_sercom.o (__aeabi_d2uiz)
c:/program files (x86)/atmel/studio/7.0/toolchain/arm/arm-gnu-toolchain/bin/../lib/gcc/arm-none-eabi/6.3.1/thumb/v6-m\libgcc.a(_udivmoddi4.o)
                              c:/program files (x86)/atmel/studio/7.0/toolchain/arm/arm-gnu-toolchain/bin/../lib/gcc/arm-none-eabi/6.3.1/thumb/v6-m\libgcc.a(_aeabi_uldivmod.o) (__udivmoddi4)
c:/program files (x86)/atmel/studio/7.0/toolchain/arm/arm-gnu-toolchain/bin/../lib/gcc/arm-none-eabi/6.3.1/thumb/v6-m\libgcc.a(divdf3.o)
                              hpl/sercom/hpl_sercom.o (__aeabi_ddiv)
c:/program files (x86)/atmel/studio/7.0/toolchain/arm/arm-gnu-toolchain/bin/../lib/gcc/arm-none-eabi/6.3.1/thumb/v6-m\libgcc.a(muldf3.o)
                              hpl/sercom/hpl_sercom.o (__aeabi_dmul)
c:/program files (x86)/atmel/studio/7.0/toolchain/arm/arm-gnu-toolchain/bin/../lib/gcc/arm-none-eabi/6.3.1/thumb/v6-m\libgcc.a(subdf3.o)
                              hpl/sercom/hpl_sercom.o (__aeabi_dsub)
c:/program files (x86)/atmel/studio/7.0/toolchain/arm/arm-gnu-toolchain/bin/../lib/gcc/arm-none-eabi/6.3.1/thumb/v6-m\libgcc.a(fixdfsi.o)
                              c:/program files (x86)/atmel/studio/7.0/toolchain/arm/arm-gnu-toolchain/bin/../lib/gcc/arm-none-eabi/6.3.1/thumb/v6-m\libgcc.a(_fixunsdfsi.o) (__aeabi_d2iz)
c:/program files (x86)/atmel/studio/7.0/toolchain/arm/arm-gnu-toolchain/bin/../lib/gcc/arm-none-eabi/6.3.1/thumb/v6-m\libgcc.a(floatsidf.o)
                              hpl/sercom/hpl_sercom.o (__aeabi_i2d)
c:/program files (x86)/atmel/studio/7.0/toolchain/arm/arm-gnu-toolchain/bin/../lib/gcc/arm-none-eabi/6.3.1/thumb/v6-m\libgcc.a(floatunsidf.o)
                              hpl/sercom/hpl_sercom.o (__aeabi_ui2d)
c:/program files (x86)/atmel/studio/7.0/toolchain/arm/arm-gnu-toolchain/bin/../lib/gcc/arm-none-eabi/6.3.1/thumb/v6-m\libgcc.a(_dvmd_tls.o)
                              c:/program files (x86)/atmel/studio/7.0/toolchain/arm/arm-gnu-toolchain/bin/../lib/gcc/arm-none-eabi/6.3.1/thumb/v6-m\libgcc.a(_aeabi_uldivmod.o) (__aeabi_ldiv0)
c:/program files (x86)/atmel/studio/7.0/toolchain/arm/arm-gnu-toolchain/bin/../lib/gcc/arm-none-eabi/6.3.1/thumb/v6-m\libgcc.a(_arm_cmpdf2.o)
                              c:/program files (x86)/atmel/studio/7.0/toolchain/arm/arm-gnu-toolchain/bin/../lib/gcc/arm-none-eabi/6.3.1/thumb/v6-m\libgcc.a(_fixunsdfsi.o) (__aeabi_dcmpge)
c:/program files (x86)/atmel/studio/7.0/toolchain/arm/arm-gnu-toolchain/bin/../lib/gcc/arm-none-eabi/6.3.1/thumb/v6-m\libgcc.a(_clzsi2.o)
                              c:/program files (x86)/atmel/studio/7.0/toolchain/arm/arm-gnu-toolchain/bin/../lib/gcc/arm-none-eabi/6.3.1/thumb/v6-m\libgcc.a(divdf3.o) (__clzsi2)
c:/program files (x86)/atmel/studio/7.0/toolchain/arm/arm-gnu-toolchain/bin/../lib/gcc/arm-none-eabi/6.3.1/thumb/v6-m\libgcc.a(_clzdi2.o)
                              c:/program files (x86)/atmel/studio/7.0/toolchain/arm/arm-gnu-toolchain/bin/../lib/gcc/arm-none-eabi/6.3.1/thumb/v6-m\libgcc.a(_udivmoddi4.o) (__clzdi2)
c:/program files (x86)/atmel/studio/7.0/toolchain/arm/arm-gnu-toolchain/bin/../lib/gcc/arm-none-eabi/6.3.1/thumb/v6-m\libgcc.a(eqdf2.o)
                              c:/program files (x86)/atmel/studio/7.0/toolchain/arm/arm-gnu-toolchain/bin/../lib/gcc/arm-none-eabi/6.3.1/thumb/v6-m\libgcc.a(_arm_cmpdf2.o) (__eqdf2)
c:/program files (x86)/atmel/studio/7.0/toolchain/arm/arm-gnu-toolchain/bin/../lib/gcc/arm-none-eabi/6.3.1/thumb/v6-m\libgcc.a(gedf2.o)
                              c:/program files (x86)/atmel/studio/7.0/toolchain/arm/arm-gnu-toolchain/bin/../lib/gcc/arm-none-eabi/6.3.1/thumb/v6-m\libgcc.a(_arm_cmpdf2.o) (__gedf2)
c:/program files (x86)/atmel/studio/7.0/toolchain/arm/arm-gnu-toolchain/bin/../lib/gcc/arm-none-eabi/6.3.1/thumb/v6-m\libgcc.a(ledf2.o)
                              c:/program files (x86)/atmel/studio/7.0/toolchain/arm/arm-gnu-toolchain/bin/../lib/gcc/arm-none-eabi/6.3.1/thumb/v6-m\libgcc.a(_arm_cmpdf2.o) (__ledf2)
c:/program files (x86)/atmel/studio/7.0/toolchain/arm/arm-gnu-toolchain/bin/../lib/gcc/arm-none-eabi/6.3.1/../../../../arm-none-eabi/lib/thumb/v6-m\libc_nano.a(lib_a-exit.o)
[...]
Memory Configuration

Name             Origin             Length             Attributes
rom              0x00000000         0x00040000         xr
ram              0x20000000         0x00008000         xrw
*default*        0x00000000         0xffffffff

Linker script and memory map

LOAD c:/program files (x86)/atmel/studio/7.0/toolchain/arm/arm-gnu-toolchain/bin/../lib/gcc/arm-none-eabi/6.3.1/thumb/v6-m/crti.o
LOAD c:/program files (x86)/atmel/studio/7.0/toolchain/arm/arm-gnu-toolchain/bin/../lib/gcc/arm-none-eabi/6.3.1/thumb/v6-m/crtbegin.o
LOAD c:/program files (x86)/atmel/studio/7.0/toolchain/arm/arm-gnu-toolchain/bin/../lib/gcc/arm-none-eabi/6.3.1/../../../../arm-none-eabi/lib/thumb/v6-m/crt0.o
LOAD atmel_start.o
LOAD Device_Startup/startup_samc21.o
LOAD Device_Startup/system_samc21.o
LOAD driver_init.o
LOAD examples/driver_examples.o
LOAD hal/src/hal_atomic.o
LOAD hal/src/hal_delay.o
LOAD hal/src/hal_gpio.o
LOAD hal/src/hal_init.o
LOAD hal/src/hal_io.o
LOAD hal/src/hal_sleep.o
LOAD hal/src/hal_usart_async.o
LOAD hal/utils/src/utils_assert.o
LOAD hal/utils/src/utils_event.o
LOAD hal/utils/src/utils_list.o
LOAD hal/utils/src/utils_ringbuffer.o
LOAD hal/utils/src/utils_syscalls.o
LOAD hpl/core/hpl_core_m0plus_base.o
LOAD hpl/core/hpl_init.o
LOAD hpl/divas/hpl_divas.o
LOAD hpl/dmac/hpl_dmac.o
LOAD hpl/gclk/hpl_gclk.o
LOAD hpl/mclk/hpl_mclk.o
LOAD hpl/osc32kctrl/hpl_osc32kctrl.o
LOAD hpl/oscctrl/hpl_oscctrl.o
LOAD hpl/pm/hpl_pm.o
LOAD hpl/sercom/hpl_sercom.o
LOAD hpl/systick/hpl_systick.o
LOAD main.o
LOAD uart.o
START GROUP
LOAD c:/program files (x86)/atmel/studio/7.0/toolchain/arm/arm-gnu-toolchain/bin/../lib/gcc/arm-none-eabi/6.3.1/../../../../arm-none-eabi/lib/thumb/v6-m\libm.a
END GROUP
START GROUP
LOAD c:/program files (x86)/atmel/studio/7.0/toolchain/arm/arm-gnu-toolchain/bin/../lib/gcc/arm-none-eabi/6.3.1/thumb/v6-m\libgcc.a
LOAD c:/program files (x86)/atmel/studio/7.0/toolchain/arm/arm-gnu-toolchain/bin/../lib/gcc/arm-none-eabi/6.3.1/../../../../arm-none-eabi/lib/thumb/v6-m\libc_nano.a
END GROUP
START GROUP
LOAD c:/program files (x86)/atmel/studio/7.0/toolchain/arm/arm-gnu-toolchain/bin/../lib/gcc/arm-none-eabi/6.3.1/thumb/v6-m\libgcc.a
LOAD c:/program files (x86)/atmel/studio/7.0/toolchain/arm/arm-gnu-toolchain/bin/../lib/gcc/arm-none-eabi/6.3.1/../../../../arm-none-eabi/lib/thumb/v6-m\libc_nano.a
END GROUP
LOAD c:/program files (x86)/atmel/studio/7.0/toolchain/arm/arm-gnu-toolchain/bin/../lib/gcc/arm-none-eabi/6.3.1/thumb/v6-m/crtend.o
LOAD c:/program files (x86)/atmel/studio/7.0/toolchain/arm/arm-gnu-toolchain/bin/../lib/gcc/arm-none-eabi/6.3.1/thumb/v6-m/crtn.o
                0x00002000                STACK_SIZE = DEFINED (STACK_SIZE)?STACK_SIZE:DEFINED (__stack_size__)?__stack_size__:0x2000

.text           0x00000000     0x2294
                0x00000000                . = ALIGN (0x4)
                0x00000000                _sfixed = .
 *(.vectors .vectors.*)
 .vectors       0x00000000       0xbc Device_Startup/startup_samc21.o
                0x00000000                exception_table
 *(.text .text.* .gnu.linkonce.t.*)
 .text          0x000000bc       0x60 c:/program files (x86)/atmel/studio/7.0/toolchain/arm/arm-gnu-toolchain/bin/../lib/gcc/arm-none-eabi/6.3.1/thumb/v6-m/crtbegin.o
 .text.atmel_start_init
                0x0000011c       0x14 atmel_start.o
                0x0000011c                atmel_start_init
 .text.Reset_Handler
                0x00000130       0x84 Device_Startup/startup_samc21.o
                0x00000130                Reset_Handler
 .text.Dummy_Handler
                0x000001b4        0x6 Device_Startup/startup_samc21.o
                0x000001b4                SVCall_Handler
                0x000001b4                DMAC_Handler
                0x000001b4                HardFault_Handler
                0x000001b4                TC2_Handler
                0x000001b4                AC_Handler
                0x000001b4                SysTick_Handler
                0x000001b4                PendSV_Handler
                0x000001b4                SERCOM1_Handler
                0x000001b4                NonMaskableInt_Handler
                0x000001b4                TCC1_Handler
                0x000001b4                SERCOM2_Handler
                0x000001b4                TCC0_Handler
                0x000001b4                RTC_Handler
                0x000001b4                ADC1_Handler
                0x000001b4                EIC_Handler
                0x000001b4                WDT_Handler
                0x000001b4                CAN0_Handler
                0x000001b4                TC4_Handler
                0x000001b4                TC1_Handler
                0x000001b4                TC3_Handler
                0x000001b4                SDADC_Handler
                0x000001b4                Dummy_Handler
                0x000001b4                SERCOM5_Handler
                0x000001b4                CAN1_Handler
                0x000001b4                ADC0_Handler
                0x000001b4                TSENS_Handler
                0x000001b4                TCC2_Handler
                0x000001b4                EVSYS_Handler
                0x000001b4                SERCOM3_Handler
                0x000001b4                NVMCTRL_Handler
                0x000001b4                SYSTEM_Handler
                0x000001b4                SERCOM0_Handler
                0x000001b4                DAC_Handler
                0x000001b4                PTC_Handler
                0x000001b4                FREQM_Handler
                0x000001b4                TC0_Handler
 .text.hri_gclk_write_PCHCTRL_reg
                0x000001ba       0x2a driver_init.o
 .text.hri_mclk_set_APBCMASK_SERCOM4_bit
                0x000001e4       0x1c driver_init.o
 .text.hri_port_set_DIR_reg
                0x00000200       0x2c driver_init.o
 .text.hri_port_clear_DIR_reg
                0x0000022c       0x2c driver_init.o
 .text.hri_port_set_OUT_reg
                0x00000258       0x2c driver_init.o
 .text.hri_port_clear_OUT_reg
                0x00000284       0x2c driver_init.o
 .text.hri_port_write_PMUX_PMUXE_bf
                0x000002b0       0x88 driver_init.o
 .text.hri_port_write_PMUX_PMUXO_bf
                0x00000338       0x86 driver_init.o
 .text.hri_port_write_PINCFG_PMUXEN_bit
                0x000003be       0x82 driver_init.o
 .text.hri_port_set_PINCFG_PULLEN_bit
                0x00000440       0x56 driver_init.o
 .text.hri_port_clear_PINCFG_PULLEN_bit
                0x00000496       0x56 driver_init.o
 .text.hri_port_write_WRCONFIG_reg
                0x000004ec       0x2c driver_init.o
 .text._gpio_set_direction
                0x00000518      0x120 driver_init.o
 .text._gpio_set_level
                0x00000638       0x50 driver_init.o
 .text._gpio_set_pin_pull_mode
                0x00000688       0xf4 driver_init.o
 .text._gpio_set_pin_function
                0x0000077c       0xb4 driver_init.o
 .text.gpio_set_pin_pull_mode
                0x00000830       0x3c driver_init.o
 .text.gpio_set_pin_function
                0x0000086c       0x24 driver_init.o
 .text.gpio_set_pin_direction
                0x00000890       0x40 driver_init.o
 .text.gpio_set_pin_level
                0x000008d0       0x40 driver_init.o
 .text.init_mcu
                0x00000910       0x14 driver_init.o
 .text.USART_0_CLOCK_init
                0x00000924       0x3c driver_init.o
                0x00000924                USART_0_CLOCK_init
 .text.USART_0_PORT_init
                0x00000960       0x2c driver_init.o
                0x00000960                USART_0_PORT_init
 .text.USART_0_init
                0x0000098c       0x40 driver_init.o
                0x0000098c                USART_0_init
 .text.delay_driver_init
                0x000009cc       0x1c driver_init.o
                0x000009cc                delay_driver_init
 .text.system_init
                0x000009e8       0xdc driver_init.o
                0x000009e8                system_init
 .text.atomic_enter_critical
                0x00000ac4       0x22 hal/src/hal_atomic.o
                0x00000ac4                atomic_enter_critical
 .text.atomic_leave_critical
                0x00000ae6       0x20 hal/src/hal_atomic.o
                0x00000ae6                atomic_leave_critical
 *fill*         0x00000b06        0x2 
 .text.delay_init
                0x00000b08       0x28 hal/src/hal_delay.o
                0x00000b08                delay_init
 .text.delay_ms
                0x00000b30       0x38 hal/src/hal_delay.o
                0x00000b30                delay_ms
 .text.usart_async_init
                0x00000b68       0xd4 hal/src/hal_usart_async.o
                0x00000b68                usart_async_init
 .text.usart_async_write
                0x00000c3c       0x98 hal/src/hal_usart_async.o
 .text.usart_async_read
                0x00000cd4       0xcc hal/src/hal_usart_async.o
 .text.usart_process_byte_sent
                0x00000da0       0x70 hal/src/hal_usart_async.o
 .text.usart_transmission_complete
                0x00000e10       0x2e hal/src/hal_usart_async.o
 *fill*         0x00000e3e        0x2 
 .text.usart_fill_rx_buffer
                0x00000e40       0x44 hal/src/hal_usart_async.o
 .text.usart_error
                0x00000e84       0x2e hal/src/hal_usart_async.o
 .text.assert   0x00000eb2       0x2c hal/utils/src/utils_assert.o
                0x00000eb2                assert
 *fill*         0x00000ede        0x2 
 .text.ringbuffer_init
                0x00000ee0       0x74 hal/utils/src/utils_ringbuffer.o
                0x00000ee0                ringbuffer_init
 .text.ringbuffer_get
                0x00000f54       0x74 hal/utils/src/utils_ringbuffer.o
                0x00000f54                ringbuffer_get
 .text.ringbuffer_put
                0x00000fc8       0x74 hal/utils/src/utils_ringbuffer.o
                0x00000fc8                ringbuffer_put
 .text.ringbuffer_num
                0x0000103c       0x34 hal/utils/src/utils_ringbuffer.o
                0x0000103c                ringbuffer_num
 .text._get_cycles_for_us_internal
                0x00001070      0x108 hpl/core/hpl_core_m0plus_base.o
 .text._get_cycles_for_ms_internal
                0x00001178       0xe8 hpl/core/hpl_core_m0plus_base.o
 .text._get_cycles_for_ms
                0x00001260       0x2c hpl/core/hpl_core_m0plus_base.o
                0x00001260                _get_cycles_for_ms
 .text.hri_nvmctrl_set_CTRLB_RWS_bf
                0x0000128c       0x24 hpl/core/hpl_init.o
 .text._init_chip
                0x000012b0       0x50 hpl/core/hpl_init.o
                0x000012b0                _init_chip
 .text.hri_divas_write_CTRLA_DLZ_bit
                0x00001300       0x54 hpl/divas/hpl_divas.o
 .text._divas_div
                0x00001354       0x5e hpl/divas/hpl_divas.o
 *fill*         0x000013b2        0x2 
 .text._div_init
                0x000013b4       0x1c hpl/divas/hpl_divas.o
                0x000013b4                _div_init
 .text.__aeabi_uidiv
                0x000013d0       0x44 hpl/divas/hpl_divas.o
                0x000013d0                __aeabi_uidiv
 .text.hri_gclk_wait_for_sync
                0x00001414       0x1e hpl/gclk/hpl_gclk.o
 *fill*         0x00001432        0x2 
 .text.hri_gclk_write_GENCTRL_reg
                0x00001434       0x40 hpl/gclk/hpl_gclk.o
 .text._gclk_init_generators_by_fref
                0x00001474       0x30 hpl/gclk/hpl_gclk.o
                0x00001474                _gclk_init_generators_by_fref
 .text.hri_mclk_write_CPUDIV_reg
                0x000014a4       0x1e hpl/mclk/hpl_mclk.o
 *fill*         0x000014c2        0x2 
 .text._mclk_init
                0x000014c4       0x24 hpl/mclk/hpl_mclk.o
                0x000014c4                _mclk_init
 .text.hri_osc32kctrl_write_RTCCTRL_reg
                0x000014e8       0x18 hpl/osc32kctrl/hpl_osc32kctrl.o
 .text.hri_osc32kctrl_read_OSCULP32K_CALIB_bf
                0x00001500       0x22 hpl/osc32kctrl/hpl_osc32kctrl.o
 .text.hri_osc32kctrl_write_OSCULP32K_reg
                0x00001522       0x18 hpl/osc32kctrl/hpl_osc32kctrl.o
 *fill*         0x0000153a        0x2 
 .text._osc32kctrl_init_sources
                0x0000153c       0x58 hpl/osc32kctrl/hpl_osc32kctrl.o
                0x0000153c                _osc32kctrl_init_sources
 .text.hri_oscctrl_osc48msyncbusy_wait_for_sync
                0x00001594       0x1e hpl/oscctrl/hpl_oscctrl.o
 .text.hri_oscctrl_get_STATUS_OSC48MRDY_bit
                0x000015b2       0x20 hpl/oscctrl/hpl_oscctrl.o
 .text.hri_oscctrl_get_OSC48MSYNCBUSY_OSC48MDIV_bit
                0x000015d2       0x20 hpl/oscctrl/hpl_oscctrl.o
 .text.hri_oscctrl_set_OSC48MCTRL_ONDEMAND_bit
                0x000015f2       0x22 hpl/oscctrl/hpl_oscctrl.o
 .text.hri_oscctrl_write_OSC48MCTRL_reg
                0x00001614       0x1e hpl/oscctrl/hpl_oscctrl.o
 *fill*         0x00001632        0x2 
 .text.hri_oscctrl_write_OSC48MDIV_reg
                0x00001634       0x2c hpl/oscctrl/hpl_oscctrl.o
 .text.hri_oscctrl_write_OSC48MSTUP_reg
                0x00001660       0x1e hpl/oscctrl/hpl_oscctrl.o
 *fill*         0x0000167e        0x2 
 .text._oscctrl_init_sources
                0x00001680       0x7c hpl/oscctrl/hpl_oscctrl.o
                0x00001680                _oscctrl_init_sources
 .text._oscctrl_init_referenced_generators
                0x000016fc       0x18 hpl/oscctrl/hpl_oscctrl.o
                0x000016fc                _oscctrl_init_referenced_generators
 .text.__NVIC_EnableIRQ
                0x00001714       0x34 hpl/sercom/hpl_sercom.o
 .text.__NVIC_DisableIRQ
                0x00001748       0x40 hpl/sercom/hpl_sercom.o
 .text.__NVIC_ClearPendingIRQ
                0x00001788       0x38 hpl/sercom/hpl_sercom.o
 .text.hri_sercomusart_wait_for_sync
                0x000017c0       0x1e hpl/sercom/hpl_sercom.o
 .text.hri_sercomusart_is_syncing
                0x000017de       0x20 hpl/sercom/hpl_sercom.o
 .text.hri_sercomusart_get_interrupt_DRE_bit
                0x000017fe       0x22 hpl/sercom/hpl_sercom.o
 .text.hri_sercomusart_get_interrupt_TXC_bit
                0x00001820       0x22 hpl/sercom/hpl_sercom.o
 .text.hri_sercomusart_get_interrupt_RXC_bit
                0x00001842       0x22 hpl/sercom/hpl_sercom.o
 .text.hri_sercomusart_get_interrupt_ERROR_bit
                0x00001864       0x22 hpl/sercom/hpl_sercom.o
 .text.hri_sercomusart_clear_interrupt_ERROR_bit
                0x00001886       0x16 hpl/sercom/hpl_sercom.o
 .text.hri_sercomusart_set_INTEN_DRE_bit
                0x0000189c       0x16 hpl/sercom/hpl_sercom.o
 .text.hri_sercomusart_get_INTEN_DRE_bit
                0x000018b2       0x22 hpl/sercom/hpl_sercom.o
 .text.hri_sercomusart_clear_INTEN_DRE_bit
                0x000018d4       0x16 hpl/sercom/hpl_sercom.o
 .text.hri_sercomusart_set_INTEN_TXC_bit
                0x000018ea       0x16 hpl/sercom/hpl_sercom.o
 .text.hri_sercomusart_get_INTEN_TXC_bit
                0x00001900       0x22 hpl/sercom/hpl_sercom.o
 .text.hri_sercomusart_clear_INTEN_TXC_bit
                0x00001922       0x16 hpl/sercom/hpl_sercom.o
 .text.hri_sercomusart_clear_CTRLA_ENABLE_bit
                0x00001938       0x2c hpl/sercom/hpl_sercom.o
 .text.hri_sercomusart_get_CTRLA_reg
                0x00001964       0x30 hpl/sercom/hpl_sercom.o
 .text.hri_sercomusart_write_CTRLA_reg
                0x00001994       0x28 hpl/sercom/hpl_sercom.o
 .text.hri_sercomusart_write_CTRLB_reg
                0x000019bc       0x28 hpl/sercom/hpl_sercom.o
 .text.hri_sercomusart_write_BAUD_reg
                0x000019e4       0x1e hpl/sercom/hpl_sercom.o
 .text.hri_sercomusart_write_RXPL_reg
                0x00001a02       0x1e hpl/sercom/hpl_sercom.o
 .text.hri_sercomusart_write_DATA_reg
                0x00001a20       0x1e hpl/sercom/hpl_sercom.o
 .text.hri_sercomusart_read_DATA_reg
                0x00001a3e       0x16 hpl/sercom/hpl_sercom.o
 .text.hri_sercomusart_write_DBGCTRL_reg
                0x00001a54       0x20 hpl/sercom/hpl_sercom.o
 .text.hri_sercomusart_clear_STATUS_reg
                0x00001a74       0x1e hpl/sercom/hpl_sercom.o
 .text.hri_sercomusart_read_STATUS_reg
                0x00001a92       0x16 hpl/sercom/hpl_sercom.o
 .text._usart_async_init
                0x00001aa8       0xa4 hpl/sercom/hpl_sercom.o
                0x00001aa8                _usart_async_init
 .text._usart_async_write_byte
                0x00001b4c       0x2c hpl/sercom/hpl_sercom.o
                0x00001b4c                _usart_async_write_byte
 .text._usart_async_enable_byte_sent_irq
                0x00001b78       0x20 hpl/sercom/hpl_sercom.o
                0x00001b78                _usart_async_enable_byte_sent_irq
 .text._usart_async_enable_tx_done_irq
                0x00001b98       0x20 hpl/sercom/hpl_sercom.o
                0x00001b98                _usart_async_enable_tx_done_irq
 .text._sercom_get_hardware_index
                0x00001bb8       0x20 hpl/sercom/hpl_sercom.o
 .text._sercom_usart_interrupt_handler
                0x00001bd8      0x118 hpl/sercom/hpl_sercom.o
 .text._get_sercom_index
                0x00001cf0       0x88 hpl/sercom/hpl_sercom.o
 .text._sercom_init_irq_param
                0x00001d78       0x28 hpl/sercom/hpl_sercom.o
 .text._usart_init
                0x00001da0      0x1fc hpl/sercom/hpl_sercom.o
 .text._sercom_get_irq_num
                0x00001f9c       0x24 hpl/sercom/hpl_sercom.o
 .text.SERCOM4_Handler
                0x00001fc0       0x1c hpl/sercom/hpl_sercom.o
                0x00001fc0                SERCOM4_Handler
 .text._system_time_init
                0x00001fdc       0x24 hpl/systick/hpl_systick.o
                0x00001fdc                _system_time_init
 .text._delay_init
                0x00002000       0x1c hpl/systick/hpl_systick.o
                0x00002000                _delay_init
 .text._delay_cycles
                0x0000201c       0x80 hpl/systick/hpl_systick.o
                0x0000201c                _delay_cycles
 .text.hri_port_toggle_OUT_reg
                0x0000209c       0x2c main.o
 .text._gpio_toggle_level
                0x000020c8       0x2c main.o
 .text.gpio_toggle_pin_level
                0x000020f4       0x34 main.o
 .text.main     0x00002128       0x28 main.o
                0x00002128                main
 .text.__libc_init_array
                0x00002150       0x48 c:/program files (x86)/atmel/studio/7.0/toolchain/arm/arm-gnu-toolchain/bin/../lib/gcc/arm-none-eabi/6.3.1/../../../../arm-none-eabi/lib/thumb/v6-m\libc_nano.a(lib_a-init.o)
                0x00002150                __libc_init_array
 *(.glue_7t)
 .glue_7t       0x00002198        0x0 linker stubs
 *(.glue_7)
 .glue_7        0x00002198        0x0 linker stubs
 *(.rodata .rodata* .gnu.linkonce.r.*)
 .rodata        0x00002198       0x1c driver_init.o
 .rodata        0x000021b4       0x1d hal/src/hal_usart_async.o
 *fill*         0x000021d1        0x3 
 .rodata        0x000021d4       0x24 hal/utils/src/utils_ringbuffer.o
 .rodata        0x000021f8       0x4c hpl/core/hpl_core_m0plus_base.o
 .rodata        0x00002244       0x2d hpl/sercom/hpl_sercom.o
 *(.ARM.extab* .gnu.linkonce.armextab.*)
                0x00002274                . = ALIGN (0x4)
 *fill*         0x00002271        0x3 
 *(.init)
 .init          0x00002274        0x4 c:/program files (x86)/atmel/studio/7.0/toolchain/arm/arm-gnu-toolchain/bin/../lib/gcc/arm-none-eabi/6.3.1/thumb/v6-m/crti.o
                0x00002274                _init
 .init          0x00002278        0x8 c:/program files (x86)/atmel/studio/7.0/toolchain/arm/arm-gnu-toolchain/bin/../lib/gcc/arm-none-eabi/6.3.1/thumb/v6-m/crtn.o
                0x00002280                . = ALIGN (0x4)
                0x00002280                __preinit_array_start = .
 *(.preinit_array)
                0x00002280                __preinit_array_end = .
                0x00002280                . = ALIGN (0x4)
                0x00002280                __init_array_start = .
 *(SORT(.init_array.*))
 *(.init_array)
 .init_array    0x00002280        0x4 c:/program files (x86)/atmel/studio/7.0/toolchain/arm/arm-gnu-toolchain/bin/../lib/gcc/arm-none-eabi/6.3.1/thumb/v6-m/crtbegin.o
                0x00002284                __init_array_end = .
                0x00002284                . = ALIGN (0x4)
 *crtbegin.o(.ctors)
 *(EXCLUDE_FILE(*crtend.o) .ctors)
 *(SORT(.ctors.*))
 *crtend.o(.ctors)
                0x00002284                . = ALIGN (0x4)
 *(.fini)
 .fini          0x00002284        0x4 c:/program files (x86)/atmel/studio/7.0/toolchain/arm/arm-gnu-toolchain/bin/../lib/gcc/arm-none-eabi/6.3.1/thumb/v6-m/crti.o
                0x00002284                _fini
 .fini          0x00002288        0x8 c:/program files (x86)/atmel/studio/7.0/toolchain/arm/arm-gnu-toolchain/bin/../lib/gcc/arm-none-eabi/6.3.1/thumb/v6-m/crtn.o
                0x00002290                . = ALIGN (0x4)
                0x00002290                __fini_array_start = .
 *(.fini_array)
 .fini_array    0x00002290        0x4 c:/program files (x86)/atmel/studio/7.0/toolchain/arm/arm-gnu-toolchain/bin/../lib/gcc/arm-none-eabi/6.3.1/thumb/v6-m/crtbegin.o
 *(SORT(.fini_array.*))
                0x00002294                __fini_array_end = .
 *crtbegin.o(.dtors)
 *(EXCLUDE_FILE(*crtend.o) .dtors)
 *(SORT(.dtors.*))
 *crtend.o(.dtors)
                0x00002294                . = ALIGN (0x4)
                0x00002294                _efixed = .
                [!provide]                PROVIDE (__exidx_start, .)

.vfp11_veneer   0x00002294        0x0
 .vfp11_veneer  0x00002294        0x0 linker stubs

.v4_bx          0x00002294        0x0
 .v4_bx         0x00002294        0x0 linker stubs

.iplt           0x00002294        0x0
 .iplt          0x00002294        0x0 c:/program files (x86)/atmel/studio/7.0/toolchain/arm/arm-gnu-toolchain/bin/../lib/gcc/arm-none-eabi/6.3.1/thumb/v6-m/crtbegin.o

.eh_frame       0x00002294        0x0
 .eh_frame      0x00002294        0x0 c:/program files (x86)/atmel/studio/7.0/toolchain/arm/arm-gnu-toolchain/bin/../lib/gcc/arm-none-eabi/6.3.1/thumb/v6-m/crtbegin.o

.rel.dyn        0x00002294        0x0
 .rel.iplt      0x00002294        0x0 c:/program files (x86)/atmel/studio/7.0/toolchain/arm/arm-gnu-toolchain/bin/../lib/gcc/arm-none-eabi/6.3.1/thumb/v6-m/crtbegin.o

.jcr            0x00002294        0x0
 .jcr           0x00002294        0x0 c:/program files (x86)/atmel/studio/7.0/toolchain/arm/arm-gnu-toolchain/bin/../lib/gcc/arm-none-eabi/6.3.1/thumb/v6-m/crtbegin.o

.igot.plt       0x00002294        0x0
 .igot.plt      0x00002294        0x0 c:/program files (x86)/atmel/studio/7.0/toolchain/arm/arm-gnu-toolchain/bin/../lib/gcc/arm-none-eabi/6.3.1/thumb/v6-m/crtbegin.o

.ARM.exidx
 *(.ARM.exidx* .gnu.linkonce.armexidx.*)
                [!provide]                PROVIDE (__exidx_end, .)
                0x00002294                . = ALIGN (0x4)
                0x00002294                _etext = .

.relocate       0x20000000       0x14 load address 0x00002294
                0x20000000                . = ALIGN (0x4)
                0x20000000                _srelocate = .
 *(.ramfunc .ramfunc.*)
 *(.data .data.*)
 .data          0x20000000       0x14 hpl/sercom/hpl_sercom.o
                0x20000014                . = ALIGN (0x4)
                0x20000014                _erelocate = .

.bss            0x20000014       0xac load address 0x000022a8
                0x20000014                . = ALIGN (0x4)
                0x20000014                _sbss = .
                0x20000014                _szero = .
 *(.bss .bss.*)
 .bss           0x20000014       0x1c c:/program files (x86)/atmel/studio/7.0/toolchain/arm/arm-gnu-toolchain/bin/../lib/gcc/arm-none-eabi/6.3.1/thumb/v6-m/crtbegin.o
 .bss           0x20000030       0x10 driver_init.o
 .bss           0x20000040        0x4 hal/src/hal_delay.o
 .bss           0x20000044       0x2c hpl/sercom/hpl_sercom.o
 *(COMMON)
 COMMON         0x20000070       0x50 driver_init.o
                0x20000070                USART_0
                0x200000c0                . = ALIGN (0x4)
                0x200000c0                _ebss = .
                0x200000c0                _ezero = .

.stack          0x200000c0     0x2000 load address 0x00002354
                0x200000c0                . = ALIGN (0x8)
                0x200000c0                _sstack = .
                0x200020c0                . = (. + STACK_SIZE)
 *fill*         0x200000c0     0x2000 
                0x200020c0                . = ALIGN (0x8)
                0x200020c0                _estack = .
                0x200020c0                . = ALIGN (0x4)
                0x200020c0                _end = .
OUTPUT(led_button_uart(1).elf elf32-littlearm)

.ARM.attributes
                0x00000000       0x28
 .ARM.attributes
                0x00000000       0x1e c:/program files (x86)/atmel/studio/7.0/toolchain/arm/arm-gnu-toolchain/bin/../lib/gcc/arm-none-eabi/6.3.1/thumb/v6-m/crti.o
 .ARM.attributes
                0x0000001e       0x2c c:/program files (x86)/atmel/studio/7.0/toolchain/arm/arm-gnu-toolchain/bin/../lib/gcc/arm-none-eabi/6.3.1/thumb/v6-m/crtbegin.o
 .ARM.attributes
                0x0000004a       0x32 atmel_start.o
 .ARM.attributes
                0x0000007c       0x32 Device_Startup/startup_samc21.o
 .ARM.attributes
                0x000000ae       0x32 driver_init.o
 .ARM.attributes
                0x000000e0       0x32 hal/src/hal_atomic.o
 .ARM.attributes
                0x00000112       0x32 hal/src/hal_delay.o
 .ARM.attributes
                0x00000144       0x32 hal/src/hal_usart_async.o
 .ARM.attributes
                0x00000176       0x32 hal/utils/src/utils_assert.o
 .ARM.attributes
                0x000001a8       0x32 hal/utils/src/utils_ringbuffer.o
 .ARM.attributes
                0x000001da       0x32 hpl/core/hpl_core_m0plus_base.o
 .ARM.attributes
                0x0000020c       0x32 hpl/core/hpl_init.o
 .ARM.attributes
                0x0000023e       0x32 hpl/divas/hpl_divas.o
 .ARM.attributes
                0x00000270       0x32 hpl/gclk/hpl_gclk.o
 .ARM.attributes
                0x000002a2       0x32 hpl/mclk/hpl_mclk.o
 .ARM.attributes
                0x000002d4       0x32 hpl/osc32kctrl/hpl_osc32kctrl.o
 .ARM.attributes
                0x00000306       0x32 hpl/oscctrl/hpl_oscctrl.o
 .ARM.attributes
                0x00000338       0x32 hpl/sercom/hpl_sercom.o
 .ARM.attributes
                0x0000036a       0x32 hpl/systick/hpl_systick.o
 .ARM.attributes
                0x0000039c       0x32 main.o
 .ARM.attributes
                0x000003ce       0x2c c:/program files (x86)/atmel/studio/7.0/toolchain/arm/arm-gnu-toolchain/bin/../lib/gcc/arm-none-eabi/6.3.1/../../../../arm-none-eabi/lib/thumb/v6-m\libc_nano.a(lib_a-init.o)
 .ARM.attributes
                0x000003fa       0x1e c:/program files (x86)/atmel/studio/7.0/toolchain/arm/arm-gnu-toolchain/bin/../lib/gcc/arm-none-eabi/6.3.1/thumb/v6-m/crtn.o

.comment        0x00000000       0x59
 .comment       0x00000000       0x59 atmel_start.o
                                 0x5a (size before relaxing)
 .comment       0x00000059       0x5a Device_Startup/startup_samc21.o
 .comment       0x00000059       0x5a driver_init.o
 .comment       0x00000059       0x5a hal/src/hal_atomic.o
 .comment       0x00000059       0x5a hal/src/hal_delay.o
 .comment       0x00000059       0x5a hal/src/hal_usart_async.o
 .comment       0x00000059       0x5a hal/utils/src/utils_assert.o
 .comment       0x00000059       0x5a hal/utils/src/utils_ringbuffer.o
 .comment       0x00000059       0x5a hpl/core/hpl_core_m0plus_base.o
 .comment       0x00000059       0x5a hpl/core/hpl_init.o
 .comment       0x00000059       0x5a hpl/divas/hpl_divas.o
 .comment       0x00000059       0x5a hpl/gclk/hpl_gclk.o
 .comment       0x00000059       0x5a hpl/mclk/hpl_mclk.o
 .comment       0x00000059       0x5a hpl/osc32kctrl/hpl_osc32kctrl.o
 .comment       0x00000059       0x5a hpl/oscctrl/hpl_oscctrl.o
 .comment       0x00000059       0x5a hpl/sercom/hpl_sercom.o
 .comment       0x00000059       0x5a hpl/systick/hpl_systick.o
 .comment       0x00000059       0x5a main.o

.debug_info     0x00000000    0x124a2
 .debug_info    0x00000000      0x3d3 atmel_start.o
 .debug_info    0x000003d3      0x526 Device_Startup/startup_samc21.o
 .debug_info    0x000008f9     0x3aea driver_init.o
 .debug_info    0x000043e3      0x1d8 hal/src/hal_atomic.o
 .debug_info    0x000045bb      0x1c4 hal/src/hal_delay.o
 .debug_info    0x0000477f      0xef3 hal/src/hal_usart_async.o
 .debug_info    0x00005672      0x10b hal/utils/src/utils_assert.o
 .debug_info    0x0000577d      0x280 hal/utils/src/utils_ringbuffer.o
 .debug_info    0x000059fd      0x7ea hpl/core/hpl_core_m0plus_base.o
 .debug_info    0x000061e7      0x746 hpl/core/hpl_init.o
 .debug_info    0x0000692d      0x7cd hpl/divas/hpl_divas.o
 .debug_info    0x000070fa      0x530 hpl/gclk/hpl_gclk.o
 .debug_info    0x0000762a      0x7bb hpl/mclk/hpl_mclk.o
 .debug_info    0x00007de5      0x74a hpl/osc32kctrl/hpl_osc32kctrl.o
 .debug_info    0x0000852f      0xdab hpl/oscctrl/hpl_oscctrl.o
 .debug_info    0x000092da     0x839d hpl/sercom/hpl_sercom.o
 .debug_info    0x00011677      0x258 hpl/systick/hpl_systick.o
 .debug_info    0x000118cf      0xbd3 main.o

.debug_abbrev   0x00000000     0x1efe
 .debug_abbrev  0x00000000       0xe3 atmel_start.o
 .debug_abbrev  0x000000e3      0x142 Device_Startup/startup_samc21.o
 .debug_abbrev  0x00000225      0x2b5 driver_init.o
 .debug_abbrev  0x000004da      0x146 hal/src/hal_atomic.o
 .debug_abbrev  0x00000620       0xca hal/src/hal_delay.o
 .debug_abbrev  0x000006ea      0x26c hal/src/hal_usart_async.o
 .debug_abbrev  0x00000956       0x86 hal/utils/src/utils_assert.o
 .debug_abbrev  0x000009dc       0xe8 hal/utils/src/utils_ringbuffer.o
 .debug_abbrev  0x00000ac4      0x277 hpl/core/hpl_core_m0plus_base.o
 .debug_abbrev  0x00000d3b      0x1a6 hpl/core/hpl_init.o
 .debug_abbrev  0x00000ee1      0x207 hpl/divas/hpl_divas.o
 .debug_abbrev  0x000010e8      0x168 hpl/gclk/hpl_gclk.o
 .debug_abbrev  0x00001250      0x1aa hpl/mclk/hpl_mclk.o
 .debug_abbrev  0x000013fa      0x1bc hpl/osc32kctrl/hpl_osc32kctrl.o
 .debug_abbrev  0x000015b6      0x1d4 hpl/oscctrl/hpl_oscctrl.o
 .debug_abbrev  0x0000178a      0x3d7 hpl/sercom/hpl_sercom.o
 .debug_abbrev  0x00001b61      0x12e hpl/systick/hpl_systick.o
 .debug_abbrev  0x00001c8f      0x26f main.o

.debug_loc      0x00000000     0x5b9a
 .debug_loc     0x00000000       0x2c atmel_start.o
 .debug_loc     0x0000002c       0x64 Device_Startup/startup_samc21.o
 .debug_loc     0x00000090      0x574 driver_init.o
 .debug_loc     0x00000604       0x9c hal/src/hal_atomic.o
 .debug_loc     0x000006a0       0xd4 hal/src/hal_delay.o
 .debug_loc     0x00000774      0x56c hal/src/hal_usart_async.o
 .debug_loc     0x00000ce0       0x38 hal/utils/src/utils_assert.o
 .debug_loc     0x00000d18      0x118 hal/utils/src/utils_ringbuffer.o
 .debug_loc     0x00000e30      0x3c0 hpl/core/hpl_core_m0plus_base.o
 .debug_loc     0x000011f0       0x64 hpl/core/hpl_init.o
 .debug_loc     0x00001254      0x17c hpl/divas/hpl_divas.o
 .debug_loc     0x000013d0       0xd4 hpl/gclk/hpl_gclk.o
 .debug_loc     0x000014a4       0x70 hpl/mclk/hpl_mclk.o
 .debug_loc     0x00001514       0xe0 hpl/osc32kctrl/hpl_osc32kctrl.o
 .debug_loc     0x000015f4      0x1f8 hpl/oscctrl/hpl_oscctrl.o
 .debug_loc     0x000017ec     0x40ee hpl/sercom/hpl_sercom.o
 .debug_loc     0x000058da      0x150 hpl/systick/hpl_systick.o
 .debug_loc     0x00005a2a      0x170 main.o

.debug_aranges  0x00000000      0xee8
 .debug_aranges
                0x00000000       0x20 atmel_start.o
 .debug_aranges
                0x00000020       0x28 Device_Startup/startup_samc21.o
 .debug_aranges
                0x00000048       0xe8 driver_init.o
 .debug_aranges
                0x00000130       0x30 hal/src/hal_atomic.o
 .debug_aranges
                0x00000160       0x38 hal/src/hal_delay.o
 .debug_aranges
                0x00000198       0xe0 hal/src/hal_usart_async.o
 .debug_aranges
                0x00000278       0x20 hal/utils/src/utils_assert.o
 .debug_aranges
                0x00000298       0x40 hal/utils/src/utils_ringbuffer.o
 .debug_aranges
                0x000002d8       0xa8 hpl/core/hpl_core_m0plus_base.o
 .debug_aranges
                0x00000380       0x28 hpl/core/hpl_init.o
 .debug_aranges
                0x000003a8       0x50 hpl/divas/hpl_divas.o
 .debug_aranges
                0x000003f8       0x38 hpl/gclk/hpl_gclk.o
 .debug_aranges
                0x00000430       0x28 hpl/mclk/hpl_mclk.o
 .debug_aranges
                0x00000458       0x38 hpl/osc32kctrl/hpl_osc32kctrl.o
 .debug_aranges
                0x00000490       0x60 hpl/oscctrl/hpl_oscctrl.o
 .debug_aranges
                0x000004f0      0x960 hpl/sercom/hpl_sercom.o
 .debug_aranges
                0x00000e50       0x48 hpl/systick/hpl_systick.o
 .debug_aranges
                0x00000e98       0x50 main.o

.debug_ranges   0x00000000      0xdc8
 .debug_ranges  0x00000000       0x10 atmel_start.o
 .debug_ranges  0x00000010       0x18 Device_Startup/startup_samc21.o
 .debug_ranges  0x00000028       0xd8 driver_init.o
 .debug_ranges  0x00000100       0x20 hal/src/hal_atomic.o
 .debug_ranges  0x00000120       0x28 hal/src/hal_delay.o
 .debug_ranges  0x00000148       0xd0 hal/src/hal_usart_async.o
 .debug_ranges  0x00000218       0x10 hal/utils/src/utils_assert.o
 .debug_ranges  0x00000228       0x30 hal/utils/src/utils_ringbuffer.o
 .debug_ranges  0x00000258       0x98 hpl/core/hpl_core_m0plus_base.o
 .debug_ranges  0x000002f0       0x18 hpl/core/hpl_init.o
 .debug_ranges  0x00000308       0x40 hpl/divas/hpl_divas.o
 .debug_ranges  0x00000348       0x28 hpl/gclk/hpl_gclk.o
 .debug_ranges  0x00000370       0x18 hpl/mclk/hpl_mclk.o
 .debug_ranges  0x00000388       0x28 hpl/osc32kctrl/hpl_osc32kctrl.o
 .debug_ranges  0x000003b0       0x50 hpl/oscctrl/hpl_oscctrl.o
 .debug_ranges  0x00000400      0x950 hpl/sercom/hpl_sercom.o
 .debug_ranges  0x00000d50       0x38 hpl/systick/hpl_systick.o
 .debug_ranges  0x00000d88       0x40 main.o

.debug_macro    0x00000000    0x1c419
 .debug_macro   0x00000000      0x633 atmel_start.o
 .debug_macro   0x00000633      0x89e atmel_start.o
 .debug_macro   0x00000ed1      0x16d atmel_start.o
 .debug_macro   0x0000103e       0x22 atmel_start.o
 .debug_macro   0x00001060       0x87 atmel_start.o
 .debug_macro   0x000010e7       0x51 atmel_start.o
 .debug_macro   0x00001138       0xef atmel_start.o
 .debug_macro   0x00001227       0x6a atmel_start.o
 .debug_macro   0x00001291      0x1df atmel_start.o
 .debug_macro   0x00001470       0x22 atmel_start.o
 .debug_macro   0x00001492       0x3f atmel_start.o
 .debug_macro   0x000014d1       0x1c atmel_start.o
 .debug_macro   0x000014ed       0x22 atmel_start.o
 .debug_macro   0x0000150f       0xb5 atmel_start.o
 .debug_macro   0x000015c4      0x4da atmel_start.o
 .debug_macro   0x00001a9e      0x11f atmel_start.o
 .debug_macro   0x00001bbd      0x897 atmel_start.o
 .debug_macro   0x00002454      0x8c0 atmel_start.o
 .debug_macro   0x00002d14     0x2d61 atmel_start.o
 .debug_macro   0x00005a75      0x21e atmel_start.o
 .debug_macro   0x00005c93      0x282 atmel_start.o
 .debug_macro   0x00005f15      0x130 atmel_start.o
 .debug_macro   0x00006045      0xd32 atmel_start.o
 .debug_macro   0x00006d77      0x61f atmel_start.o
 .debug_macro   0x00007396      0x5be atmel_start.o
 .debug_macro   0x00007954      0x824 atmel_start.o
 .debug_macro   0x00008178      0x172 atmel_start.o
 .debug_macro   0x000082ea      0x306 atmel_start.o
 .debug_macro   0x000085f0      0x55f atmel_start.o
 .debug_macro   0x00008b4f      0x421 atmel_start.o
 .debug_macro   0x00008f70      0x21c atmel_start.o
 .debug_macro   0x0000918c      0x719 atmel_start.o
 .debug_macro   0x000098a5      0x5ab atmel_start.o
 .debug_macro   0x00009e50      0x335 atmel_start.o
 .debug_macro   0x0000a185      0x68d atmel_start.o
 .debug_macro   0x0000a812       0xc4 atmel_start.o
 .debug_macro   0x0000a8d6      0x340 atmel_start.o
 .debug_macro   0x0000ac16       0x6a atmel_start.o
 .debug_macro   0x0000ac80     0x124b atmel_start.o
 .debug_macro   0x0000becb      0x5a5 atmel_start.o
 .debug_macro   0x0000c470      0xfc4 atmel_start.o
 .debug_macro   0x0000d434      0x59e atmel_start.o
 .debug_macro   0x0000d9d2      0x8ae atmel_start.o
 .debug_macro   0x0000e280     0x19be atmel_start.o
 .debug_macro   0x0000fc3e      0x39c atmel_start.o
 .debug_macro   0x0000ffda      0x36a atmel_start.o
 .debug_macro   0x00010344       0x94 atmel_start.o
 .debug_macro   0x000103d8       0xac atmel_start.o
 .debug_macro   0x00010484       0xac atmel_start.o
 .debug_macro   0x00010530      0x149 atmel_start.o
 .debug_macro   0x00010679      0x149 atmel_start.o
 .debug_macro   0x000107c2       0x4c atmel_start.o
 .debug_macro   0x0001080e       0x58 atmel_start.o
 .debug_macro   0x00010866       0x3a atmel_start.o
 .debug_macro   0x000108a0       0xd6 atmel_start.o
 .debug_macro   0x00010976       0xb8 atmel_start.o
 .debug_macro   0x00010a2e       0x64 atmel_start.o
 .debug_macro   0x00010a92      0x5d7 atmel_start.o
 .debug_macro   0x00011069       0x4c atmel_start.o
 .debug_macro   0x000110b5      0x1be atmel_start.o
 .debug_macro   0x00011273      0x184 atmel_start.o
 .debug_macro   0x000113f7       0x52 atmel_start.o
 .debug_macro   0x00011449       0xa0 atmel_start.o
 .debug_macro   0x000114e9       0xd6 atmel_start.o
 .debug_macro   0x000115bf       0x94 atmel_start.o
 .debug_macro   0x00011653       0x4c atmel_start.o
 .debug_macro   0x0001169f       0x64 atmel_start.o
 .debug_macro   0x00011703       0x22 atmel_start.o
 .debug_macro   0x00011725      0x16c atmel_start.o
 .debug_macro   0x00011891       0x2e atmel_start.o
 .debug_macro   0x000118bf       0x16 atmel_start.o
 .debug_macro   0x000118d5       0xd6 atmel_start.o
 .debug_macro   0x000119ab       0xa0 atmel_start.o
 .debug_macro   0x00011a4b      0x133 atmel_start.o
 .debug_macro   0x00011b7e      0x133 atmel_start.o
 .debug_macro   0x00011cb1      0x133 atmel_start.o
 .debug_macro   0x00011de4      0x133 atmel_start.o
 .debug_macro   0x00011f17      0x133 atmel_start.o
 .debug_macro   0x0001204a      0x133 atmel_start.o
 .debug_macro   0x0001217d       0x4c atmel_start.o
 .debug_macro   0x000121c9       0xfa atmel_start.o
 .debug_macro   0x000122c3       0xfa atmel_start.o
 .debug_macro   0x000123bd       0xfa atmel_start.o
 .debug_macro   0x000124b7       0xfa atmel_start.o
 .debug_macro   0x000125b1       0xfa atmel_start.o
 .debug_macro   0x000126ab      0x124 atmel_start.o
 .debug_macro   0x000127cf       0xfa atmel_start.o
 .debug_macro   0x000128c9       0xee atmel_start.o
 .debug_macro   0x000129b7       0x76 atmel_start.o
 .debug_macro   0x00012a2d       0x3a atmel_start.o
 .debug_macro   0x00012a67      0x46b atmel_start.o
 .debug_macro   0x00012ed2     0x1de3 atmel_start.o
 .debug_macro   0x00014cb5       0x82 atmel_start.o
 .debug_macro   0x00014d37       0x10 atmel_start.o
 .debug_macro   0x00014d47       0x10 atmel_start.o
 .debug_macro   0x00014d57       0x16 atmel_start.o
 .debug_macro   0x00014d6d       0x16 atmel_start.o
 .debug_macro   0x00014d83       0x16 atmel_start.o
 .debug_macro   0x00014d99       0x16 atmel_start.o
 .debug_macro   0x00014daf       0x16 atmel_start.o
 .debug_macro   0x00014dc5       0x16 atmel_start.o
 .debug_macro   0x00014ddb       0x16 atmel_start.o
 .debug_macro   0x00014df1       0x16 atmel_start.o
 .debug_macro   0x00014e07       0x16 atmel_start.o
 .debug_macro   0x00014e1d       0x16 atmel_start.o
 .debug_macro   0x00014e33       0x16 atmel_start.o
 .debug_macro   0x00014e49       0x16 atmel_start.o
 .debug_macro   0x00014e5f       0x16 atmel_start.o
 .debug_macro   0x00014e75       0x16 atmel_start.o
 .debug_macro   0x00014e8b       0x16 atmel_start.o
 .debug_macro   0x00014ea1       0x16 atmel_start.o
 .debug_macro   0x00014eb7       0x16 atmel_start.o
 .debug_macro   0x00014ecd       0x16 atmel_start.o
 .debug_macro   0x00014ee3       0x16 atmel_start.o
 .debug_macro   0x00014ef9       0x16 atmel_start.o
 .debug_macro   0x00014f0f       0x16 atmel_start.o
 .debug_macro   0x00014f25      0x262 atmel_start.o
 .debug_macro   0x00015187       0x16 atmel_start.o
 .debug_macro   0x0001519d       0x94 atmel_start.o
 .debug_macro   0x00015231       0x16 atmel_start.o
 .debug_macro   0x00015247       0xbe atmel_start.o
 .debug_macro   0x00015305      0x28c atmel_start.o
 .debug_macro   0x00015591       0x16 atmel_start.o
 .debug_macro   0x000155a7       0x16 atmel_start.o
 .debug_macro   0x000155bd       0xca atmel_start.o
 .debug_macro   0x00015687       0x1c atmel_start.o
 .debug_macro   0x000156a3       0x16 atmel_start.o
 .debug_macro   0x000156b9       0xcf atmel_start.o
 .debug_macro   0x00015788       0x6a atmel_start.o
 .debug_macro   0x000157f2      0x3ba Device_Startup/startup_samc21.o
 .debug_macro   0x00015bac       0x39 Device_Startup/startup_samc21.o
 .debug_macro   0x00015be5      0x640 driver_init.o
 .debug_macro   0x00016225       0x28 driver_init.o
 .debug_macro   0x0001624d       0xc9 driver_init.o
 .debug_macro   0x00016316      0x53a hal/src/hal_atomic.o
 .debug_macro   0x00016850      0x571 hal/src/hal_delay.o
 .debug_macro   0x00016dc1      0x59e hal/src/hal_usart_async.o
 .debug_macro   0x0001735f      0x544 hal/utils/src/utils_assert.o
 .debug_macro   0x000178a3       0x10 hal/utils/src/utils_assert.o
 .debug_macro   0x000178b3      0x549 hal/utils/src/utils_ringbuffer.o
 .debug_macro   0x00017dfc      0x59a hpl/core/hpl_core_m0plus_base.o
 .debug_macro   0x00018396      0x5c9 hpl/core/hpl_init.o
 .debug_macro   0x0001895f       0x1c hpl/core/hpl_init.o
 .debug_macro   0x0001897b      0x772 hpl/core/hpl_init.o
 .debug_macro   0x000190ed      0x562 hpl/divas/hpl_divas.o
 .debug_macro   0x0001964f      0x553 hpl/gclk/hpl_gclk.o
 .debug_macro   0x00019ba2      0x1f4 hpl/gclk/hpl_gclk.o
 .debug_macro   0x00019d96      0x54e hpl/mclk/hpl_mclk.o
 .debug_macro   0x0001a2e4      0x549 hpl/osc32kctrl/hpl_osc32kctrl.o
 .debug_macro   0x0001a82d       0xb8 hpl/osc32kctrl/hpl_osc32kctrl.o
 .debug_macro   0x0001a8e5      0x549 hpl/oscctrl/hpl_oscctrl.o
 .debug_macro   0x0001ae2e      0x130 hpl/oscctrl/hpl_oscctrl.o
 .debug_macro   0x0001af5e      0x79d hpl/sercom/hpl_sercom.o
 .debug_macro   0x0001b6fb       0x70 hpl/sercom/hpl_sercom.o
 .debug_macro   0x0001b76b       0xba hpl/sercom/hpl_sercom.o
 .debug_macro   0x0001b825       0x10 hpl/sercom/hpl_sercom.o
 .debug_macro   0x0001b835       0x1c hpl/sercom/hpl_sercom.o
 .debug_macro   0x0001b851       0x22 hpl/sercom/hpl_sercom.o
 .debug_macro   0x0001b873       0x10 hpl/sercom/hpl_sercom.o
 .debug_macro   0x0001b883      0x549 hpl/systick/hpl_systick.o
 .debug_macro   0x0001bdcc       0x10 hpl/systick/hpl_systick.o
 .debug_macro   0x0001bddc      0x63d main.o

.debug_line     0x00000000     0xf183
 .debug_line    0x00000000      0xc07 atmel_start.o
 .debug_line    0x00000c07      0x7cf Device_Startup/startup_samc21.o
 .debug_line    0x000013d6      0xe52 driver_init.o
 .debug_line    0x00002228      0xaf4 hal/src/hal_atomic.o
 .debug_line    0x00002d1c      0xb1e hal/src/hal_delay.o
 .debug_line    0x0000383a      0xdf3 hal/src/hal_usart_async.o
 .debug_line    0x0000462d      0xabc hal/utils/src/utils_assert.o
 .debug_line    0x000050e9      0xb69 hal/utils/src/utils_ringbuffer.o
 .debug_line    0x00005c52      0xcef hpl/core/hpl_core_m0plus_base.o
 .debug_line    0x00006941      0xbb3 hpl/core/hpl_init.o
 .debug_line    0x000074f4      0xbe5 hpl/divas/hpl_divas.o
 .debug_line    0x000080d9      0xb27 hpl/gclk/hpl_gclk.o
 .debug_line    0x00008c00      0xaef hpl/mclk/hpl_mclk.o
 .debug_line    0x000096ef      0xb22 hpl/osc32kctrl/hpl_osc32kctrl.o
 .debug_line    0x0000a211      0xb8d hpl/oscctrl/hpl_oscctrl.o
 .debug_line    0x0000ad9e     0x2c10 hpl/sercom/hpl_sercom.o
 .debug_line    0x0000d9ae      0xb4f hpl/systick/hpl_systick.o
 .debug_line    0x0000e4fd      0xc86 main.o

.debug_str      0x00000000    0x90640
 .debug_str     0x00000000    0x865d5 atmel_start.o
                              0x87155 (size before relaxing)
 .debug_str     0x000865d5      0x3e2 Device_Startup/startup_samc21.o
                              0x81c80 (size before relaxing)
 .debug_str     0x000869b7     0x1472 driver_init.o
                              0x88679 (size before relaxing)
 .debug_str     0x00087e29       0xbe hal/src/hal_atomic.o
                              0x863f1 (size before relaxing)
 .debug_str     0x00087ee7       0x9b hal/src/hal_delay.o
                              0x8645b (size before relaxing)
 .debug_str     0x00087f82      0x6ab hal/src/hal_usart_async.o
                              0x87308 (size before relaxing)
 .debug_str     0x0008862d       0x2f hal/utils/src/utils_assert.o
                              0x86401 (size before relaxing)
 .debug_str     0x0008865c       0x24 hal/utils/src/utils_ringbuffer.o
                              0x864a7 (size before relaxing)
 .debug_str     0x00088680      0x32e hpl/core/hpl_core_m0plus_base.o
                              0x86e04 (size before relaxing)
 .debug_str     0x000889ae     0x1aaf hpl/core/hpl_init.o
                              0x888ed (size before relaxing)
 .debug_str     0x0008a45d      0x27b hpl/divas/hpl_divas.o
                              0x86672 (size before relaxing)
 .debug_str     0x0008a6d8      0x81b hpl/gclk/hpl_gclk.o
                              0x86d36 (size before relaxing)
 .debug_str     0x0008aef3       0x47 hpl/mclk/hpl_mclk.o
                              0x86756 (size before relaxing)
 .debug_str     0x0008af3a      0x522 hpl/osc32kctrl/hpl_osc32kctrl.o
                              0x86911 (size before relaxing)
 .debug_str     0x0008b45c      0x8dc hpl/oscctrl/hpl_oscctrl.o
                              0x86d32 (size before relaxing)
 .debug_str     0x0008bd38     0x47aa hpl/sercom/hpl_sercom.o
                              0x8c12f (size before relaxing)
 .debug_str     0x000904e2       0xcd hpl/systick/hpl_systick.o
                              0x86449 (size before relaxing)
 .debug_str     0x000905af       0x91 main.o
                              0x874c2 (size before relaxing)

.debug_frame    0x00000000     0x35f4
 .debug_frame   0x00000000       0x2c atmel_start.o
 .debug_frame   0x0000002c       0x4c Device_Startup/startup_samc21.o
 .debug_frame   0x00000078      0x344 driver_init.o
 .debug_frame   0x000003bc       0x6c hal/src/hal_atomic.o
 .debug_frame   0x00000428       0x8c hal/src/hal_delay.o
 .debug_frame   0x000004b4      0x330 hal/src/hal_usart_async.o
 .debug_frame   0x000007e4       0x30 hal/utils/src/utils_assert.o
 .debug_frame   0x00000814       0xb0 hal/utils/src/utils_ringbuffer.o
 .debug_frame   0x000008c4      0x240 hpl/core/hpl_core_m0plus_base.o
 .debug_frame   0x00000b04       0x4c hpl/core/hpl_init.o
 .debug_frame   0x00000b50       0xec hpl/divas/hpl_divas.o
 .debug_frame   0x00000c3c       0x8c hpl/gclk/hpl_gclk.o
 .debug_frame   0x00000cc8       0x50 hpl/mclk/hpl_mclk.o
 .debug_frame   0x00000d18       0x90 hpl/osc32kctrl/hpl_osc32kctrl.o
 .debug_frame   0x00000da8      0x130 hpl/oscctrl/hpl_oscctrl.o
 .debug_frame   0x00000ed8     0x2538 hpl/sercom/hpl_sercom.o
 .debug_frame   0x00003410       0xd0 hpl/systick/hpl_systick.o
 .debug_frame   0x000034e0       0xe8 main.o
 .debug_frame   0x000035c8       0x2c c:/program files (x86)/atmel/studio/7.0/toolchain/arm/arm-gnu-toolchain/bin/../lib/gcc/arm-none-eabi/6.3.1/../../../../arm-none-eabi/lib/thumb/v6-m\libc_nano.a(lib_a-init.o)
